usbh_mtp.c:144:27:USBH_MTP_InterfaceInit	48	static
usbh_mtp.c:242:16:MTP_FindCtlEndpoint	24	static
usbh_mtp.c:271:16:MTP_FindDataOutEndpoint	24	static
usbh_mtp.c:300:16:MTP_FindDataInEndpoint	24	static
usbh_mtp.c:331:27:USBH_MTP_InterfaceDeInit	24	static
usbh_mtp.c:371:27:USBH_MTP_ClassRequest	16	static
usbh_mtp.c:392:27:USBH_MTP_Process	32	static
usbh_mtp.c:536:27:USBH_MTP_SOFProcess	24	static
usbh_mtp.c:549:9:USBH_MTP_IsReady	24	static
usbh_mtp.c:562:20:USBH_MTP_GetNumStorage	24	static
usbh_mtp.c:582:20:USBH_MTP_SelectStorage	24	static
usbh_mtp.c:602:20:USBH_MTP_GetStorageInfo	32	static
usbh_mtp.c:621:20:USBH_MTP_GetNumObjects	48	static
usbh_mtp.c:654:20:USBH_MTP_GetObjectHandles	48	static
usbh_mtp.c:688:20:USBH_MTP_GetObjectInfo	40	static
usbh_mtp.c:715:20:USBH_MTP_DeleteObject	40	static
usbh_mtp.c:743:20:USBH_MTP_GetObject	40	static
usbh_mtp.c:771:20:USBH_MTP_GetPartialObject	48	static
usbh_mtp.c:807:20:USBH_MTP_GetObjectPropsSupported	40	static
usbh_mtp.c:839:20:USBH_MTP_GetObjectPropDesc	40	static
usbh_mtp.c:871:20:USBH_MTP_GetObjectPropList	40	static
usbh_mtp.c:903:20:USBH_MTP_SendObject	40	static
usbh_mtp.c:930:27:USBH_MTP_Events	24	static
usbh_mtp.c:982:13:MTP_DecodeEvent	32	static
usbh_mtp.c:1068:20:USBH_MTP_GetDevicePropDesc	40	static
usbh_mtp.c:1094:13:USBH_MTP_EventsCallback	24	static
