usbh_mtp_ptp.c:127:20:USBH_PTP_Init	24	static
usbh_mtp_ptp.c:145:20:USBH_PTP_Process	72	static
usbh_mtp_ptp.c:462:20:USBH_PTP_SendRequest	24	static
usbh_mtp_ptp.c:490:20:USBH_PTP_GetResponse	24	static
usbh_mtp_ptp.c:513:13:PTP_BufferFullCallback	24	static
usbh_mtp_ptp.c:560:13:PTP_DecodeDeviceInfo	32	static
usbh_mtp_ptp.c:626:13:PTP_GetStorageIDs	24	static
usbh_mtp_ptp.c:642:13:PTP_GetStorageInfo	72	static
usbh_mtp_ptp.c:667:13:PTP_GetObjectInfo	56	static
usbh_mtp_ptp.c:705:13:PTP_GetObjectPropDesc	48	static
usbh_mtp_ptp.c:754:13:PTP_GetDevicePropValue	64	static
usbh_mtp_ptp.c:823:17:PTP_GetObjectPropList	56	static
usbh_mtp_ptp.c:880:13:PTP_GetString	32	static
usbh_mtp_ptp.c:906:17:PTP_GetArray16	32	static
usbh_mtp_ptp.c:927:17:PTP_GetArray32	32	static
usbh_mtp_ptp.c:952:20:USBH_PTP_OpenSession	64	static
usbh_mtp_ptp.c:1009:20:USBH_PTP_GetDevicePropDesc	72	static
usbh_mtp_ptp.c:1077:20:USBH_PTP_GetDeviceInfo	64	static
usbh_mtp_ptp.c:1140:20:USBH_PTP_GetStorageIds	64	static
usbh_mtp_ptp.c:1203:20:USBH_PTP_GetStorageInfo	72	static
usbh_mtp_ptp.c:1267:20:USBH_PTP_GetNumObjects	72	static
usbh_mtp_ptp.c:1333:20:USBH_PTP_GetObjectHandles	72	static
usbh_mtp_ptp.c:1405:20:USBH_PTP_GetObjectInfo	72	static
usbh_mtp_ptp.c:1471:20:USBH_PTP_DeleteObject	72	static
usbh_mtp_ptp.c:1529:20:USBH_PTP_GetObject	72	static
usbh_mtp_ptp.c:1604:20:USBH_PTP_GetPartialObject	72	static
usbh_mtp_ptp.c:1684:20:USBH_PTP_GetObjectPropsSupported	72	static
usbh_mtp_ptp.c:1751:20:USBH_PTP_GetObjectPropDesc	72	static
usbh_mtp_ptp.c:1819:20:USBH_PTP_GetObjectPropList	72	static
usbh_mtp_ptp.c:1893:20:USBH_PTP_SendObject	72	static
