12:56:42 **** Build of configuration Debug for project STM32F1_USB ****
make -j4 all 
arm-none-eabi-size   STM32F1_USB.elf 
   text	   data	    bss	    dec	    hex	filename
  24628	    408	   3944	  28980	   7134	STM32F1_USB.elf
Finished building: default.size.stdout
 
12:56:50 **** Clean-only build of configuration Debug for project STM32F1_USB ****
make -j4 clean 
rm -rf *
 
12:56:50 **** Clean-only build of configuration Debug for project STM32F4_USB ****
make -j4 clean 
rm -rf *
 
12:57:11 **** Build of configuration Debug for project STM32F1_USB ****
make -j4 all 
arm-none-eabi-gcc -mcpu=cortex-m3 -g3 -c -x assembler-with-cpp -MMD -MP -MF"Startup/startup_stm32f103c8tx.d" -MT"Startup/startup_stm32f103c8tx.o" --specs=nano.specs -mfloat-abi=soft -mthumb -o "Startup/startup_stm32f103c8tx.o" "../Startup/startup_stm32f103c8tx.s"
arm-none-eabi-gcc "../Src/main.c" -mcpu=cortex-m3 -std=gnu11 -g3 -DUSE_HAL_DRIVER -DSTM32F103xB -DDEBUG -c -I../Inc -I../Drivers/STM32F1xx_HAL_Driver/Inc -I../Drivers/STM32F1xx_HAL_Driver/Inc/Legacy -I../Middlewares/ST/STM32_USB_Device_Library/Core/Inc -I../Middlewares/ST/STM32_USB_Device_Library/Class/AUDIO/Inc -I../Drivers/CMSIS/Device/ST/STM32F1xx/Include -I../Drivers/CMSIS/Include -O0 -ffunction-sections -fdata-sections -Wall -fstack-usage -MMD -MP -MF"Src/main.d" -MT"Src/main.o" --specs=nano.specs -mfloat-abi=soft -mthumb -o "Src/main.o"
arm-none-eabi-gcc "../Src/stm32f1xx_hal_msp.c" -mcpu=cortex-m3 -std=gnu11 -g3 -DUSE_HAL_DRIVER -DSTM32F103xB -DDEBUG -c -I../Inc -I../Drivers/STM32F1xx_HAL_Driver/Inc -I../Drivers/STM32F1xx_HAL_Driver/Inc/Legacy -I../Middlewares/ST/STM32_USB_Device_Library/Core/Inc -I../Middlewares/ST/STM32_USB_Device_Library/Class/AUDIO/Inc -I../Drivers/CMSIS/Device/ST/STM32F1xx/Include -I../Drivers/CMSIS/Include -O0 -ffunction-sections -fdata-sections -Wall -fstack-usage -MMD -MP -MF"Src/stm32f1xx_hal_msp.d" -MT"Src/stm32f1xx_hal_msp.o" --specs=nano.specs -mfloat-abi=soft -mthumb -o "Src/stm32f1xx_hal_msp.o"
arm-none-eabi-gcc "../Src/stm32f1xx_it.c" -mcpu=cortex-m3 -std=gnu11 -g3 -DUSE_HAL_DRIVER -DSTM32F103xB -DDEBUG -c -I../Inc -I../Drivers/STM32F1xx_HAL_Driver/Inc -I../Drivers/STM32F1xx_HAL_Driver/Inc/Legacy -I../Middlewares/ST/STM32_USB_Device_Library/Core/Inc -I../Middlewares/ST/STM32_USB_Device_Library/Class/AUDIO/Inc -I../Drivers/CMSIS/Device/ST/STM32F1xx/Include -I../Drivers/CMSIS/Include -O0 -ffunction-sections -fdata-sections -Wall -fstack-usage -MMD -MP -MF"Src/stm32f1xx_it.d" -MT"Src/stm32f1xx_it.o" --specs=nano.specs -mfloat-abi=soft -mthumb -o "Src/stm32f1xx_it.o"
arm-none-eabi-gcc "../Src/syscalls.c" -mcpu=cortex-m3 -std=gnu11 -g3 -DUSE_HAL_DRIVER -DSTM32F103xB -DDEBUG -c -I../Inc -I../Drivers/STM32F1xx_HAL_Driver/Inc -I../Drivers/STM32F1xx_HAL_Driver/Inc/Legacy -I../Middlewares/ST/STM32_USB_Device_Library/Core/Inc -I../Middlewares/ST/STM32_USB_Device_Library/Class/AUDIO/Inc -I../Drivers/CMSIS/Device/ST/STM32F1xx/Include -I../Drivers/CMSIS/Include -O0 -ffunction-sections -fdata-sections -Wall -fstack-usage -MMD -MP -MF"Src/syscalls.d" -MT"Src/syscalls.o" --specs=nano.specs -mfloat-abi=soft -mthumb -o "Src/syscalls.o"
arm-none-eabi-gcc "../Src/sysmem.c" -mcpu=cortex-m3 -std=gnu11 -g3 -DUSE_HAL_DRIVER -DSTM32F103xB -DDEBUG -c -I../Inc -I../Drivers/STM32F1xx_HAL_Driver/Inc -I../Drivers/STM32F1xx_HAL_Driver/Inc/Legacy -I../Middlewares/ST/STM32_USB_Device_Library/Core/Inc -I../Middlewares/ST/STM32_USB_Device_Library/Class/AUDIO/Inc -I../Drivers/CMSIS/Device/ST/STM32F1xx/Include -I../Drivers/CMSIS/Include -O0 -ffunction-sections -fdata-sections -Wall -fstack-usage -MMD -MP -MF"Src/sysmem.d" -MT"Src/sysmem.o" --specs=nano.specs -mfloat-abi=soft -mthumb -o "Src/sysmem.o"
arm-none-eabi-gcc "../Src/system_stm32f1xx.c" -mcpu=cortex-m3 -std=gnu11 -g3 -DUSE_HAL_DRIVER -DSTM32F103xB -DDEBUG -c -I../Inc -I../Drivers/STM32F1xx_HAL_Driver/Inc -I../Drivers/STM32F1xx_HAL_Driver/Inc/Legacy -I../Middlewares/ST/STM32_USB_Device_Library/Core/Inc -I../Middlewares/ST/STM32_USB_Device_Library/Class/AUDIO/Inc -I../Drivers/CMSIS/Device/ST/STM32F1xx/Include -I../Drivers/CMSIS/Include -O0 -ffunction-sections -fdata-sections -Wall -fstack-usage -MMD -MP -MF"Src/system_stm32f1xx.d" -MT"Src/system_stm32f1xx.o" --specs=nano.specs -mfloat-abi=soft -mthumb -o "Src/system_stm32f1xx.o"
arm-none-eabi-gcc "../Src/usb_device.c" -mcpu=cortex-m3 -std=gnu11 -g3 -DUSE_HAL_DRIVER -DSTM32F103xB -DDEBUG -c -I../Inc -I../Drivers/STM32F1xx_HAL_Driver/Inc -I../Drivers/STM32F1xx_HAL_Driver/Inc/Legacy -I../Middlewares/ST/STM32_USB_Device_Library/Core/Inc -I../Middlewares/ST/STM32_USB_Device_Library/Class/AUDIO/Inc -I../Drivers/CMSIS/Device/ST/STM32F1xx/Include -I../Drivers/CMSIS/Include -O0 -ffunction-sections -fdata-sections -Wall -fstack-usage -MMD -MP -MF"Src/usb_device.d" -MT"Src/usb_device.o" --specs=nano.specs -mfloat-abi=soft -mthumb -o "Src/usb_device.o"
arm-none-eabi-gcc "../Src/usbd_audio_if.c" -mcpu=cortex-m3 -std=gnu11 -g3 -DUSE_HAL_DRIVER -DSTM32F103xB -DDEBUG -c -I../Inc -I../Drivers/STM32F1xx_HAL_Driver/Inc -I../Drivers/STM32F1xx_HAL_Driver/Inc/Legacy -I../Middlewares/ST/STM32_USB_Device_Library/Core/Inc -I../Middlewares/ST/STM32_USB_Device_Library/Class/AUDIO/Inc -I../Drivers/CMSIS/Device/ST/STM32F1xx/Include -I../Drivers/CMSIS/Include -O0 -ffunction-sections -fdata-sections -Wall -fstack-usage -MMD -MP -MF"Src/usbd_audio_if.d" -MT"Src/usbd_audio_if.o" --specs=nano.specs -mfloat-abi=soft -mthumb -o "Src/usbd_audio_if.o"
arm-none-eabi-gcc "../Src/usbd_conf.c" -mcpu=cortex-m3 -std=gnu11 -g3 -DUSE_HAL_DRIVER -DSTM32F103xB -DDEBUG -c -I../Inc -I../Drivers/STM32F1xx_HAL_Driver/Inc -I../Drivers/STM32F1xx_HAL_Driver/Inc/Legacy -I../Middlewares/ST/STM32_USB_Device_Library/Core/Inc -I../Middlewares/ST/STM32_USB_Device_Library/Class/AUDIO/Inc -I../Drivers/CMSIS/Device/ST/STM32F1xx/Include -I../Drivers/CMSIS/Include -O0 -ffunction-sections -fdata-sections -Wall -fstack-usage -MMD -MP -MF"Src/usbd_conf.d" -MT"Src/usbd_conf.o" --specs=nano.specs -mfloat-abi=soft -mthumb -o "Src/usbd_conf.o"
arm-none-eabi-gcc "../Src/usbd_desc.c" -mcpu=cortex-m3 -std=gnu11 -g3 -DUSE_HAL_DRIVER -DSTM32F103xB -DDEBUG -c -I../Inc -I../Drivers/STM32F1xx_HAL_Driver/Inc -I../Drivers/STM32F1xx_HAL_Driver/Inc/Legacy -I../Middlewares/ST/STM32_USB_Device_Library/Core/Inc -I../Middlewares/ST/STM32_USB_Device_Library/Class/AUDIO/Inc -I../Drivers/CMSIS/Device/ST/STM32F1xx/Include -I../Drivers/CMSIS/Include -O0 -ffunction-sections -fdata-sections -Wall -fstack-usage -MMD -MP -MF"Src/usbd_desc.d" -MT"Src/usbd_desc.o" --specs=nano.specs -mfloat-abi=soft -mthumb -o "Src/usbd_desc.o"
arm-none-eabi-gcc "../Middlewares/ST/STM32_USB_Device_Library/Core/Src/usbd_core.c" -mcpu=cortex-m3 -std=gnu11 -g3 -DUSE_HAL_DRIVER -DSTM32F103xB -DDEBUG -c -I../Inc -I../Drivers/STM32F1xx_HAL_Driver/Inc -I../Drivers/STM32F1xx_HAL_Driver/Inc/Legacy -I../Middlewares/ST/STM32_USB_Device_Library/Core/Inc -I../Middlewares/ST/STM32_USB_Device_Library/Class/AUDIO/Inc -I../Drivers/CMSIS/Device/ST/STM32F1xx/Include -I../Drivers/CMSIS/Include -O0 -ffunction-sections -fdata-sections -Wall -fstack-usage -MMD -MP -MF"Middlewares/ST/STM32_USB_Device_Library/Core/Src/usbd_core.d" -MT"Middlewares/ST/STM32_USB_Device_Library/Core/Src/usbd_core.o" --specs=nano.specs -mfloat-abi=soft -mthumb -o "Middlewares/ST/STM32_USB_Device_Library/Core/Src/usbd_core.o"
arm-none-eabi-gcc "../Middlewares/ST/STM32_USB_Device_Library/Core/Src/usbd_ctlreq.c" -mcpu=cortex-m3 -std=gnu11 -g3 -DUSE_HAL_DRIVER -DSTM32F103xB -DDEBUG -c -I../Inc -I../Drivers/STM32F1xx_HAL_Driver/Inc -I../Drivers/STM32F1xx_HAL_Driver/Inc/Legacy -I../Middlewares/ST/STM32_USB_Device_Library/Core/Inc -I../Middlewares/ST/STM32_USB_Device_Library/Class/AUDIO/Inc -I../Drivers/CMSIS/Device/ST/STM32F1xx/Include -I../Drivers/CMSIS/Include -O0 -ffunction-sections -fdata-sections -Wall -fstack-usage -MMD -MP -MF"Middlewares/ST/STM32_USB_Device_Library/Core/Src/usbd_ctlreq.d" -MT"Middlewares/ST/STM32_USB_Device_Library/Core/Src/usbd_ctlreq.o" --specs=nano.specs -mfloat-abi=soft -mthumb -o "Middlewares/ST/STM32_USB_Device_Library/Core/Src/usbd_ctlreq.o"
arm-none-eabi-gcc "../Middlewares/ST/STM32_USB_Device_Library/Core/Src/usbd_ioreq.c" -mcpu=cortex-m3 -std=gnu11 -g3 -DUSE_HAL_DRIVER -DSTM32F103xB -DDEBUG -c -I../Inc -I../Drivers/STM32F1xx_HAL_Driver/Inc -I../Drivers/STM32F1xx_HAL_Driver/Inc/Legacy -I../Middlewares/ST/STM32_USB_Device_Library/Core/Inc -I../Middlewares/ST/STM32_USB_Device_Library/Class/AUDIO/Inc -I../Drivers/CMSIS/Device/ST/STM32F1xx/Include -I../Drivers/CMSIS/Include -O0 -ffunction-sections -fdata-sections -Wall -fstack-usage -MMD -MP -MF"Middlewares/ST/STM32_USB_Device_Library/Core/Src/usbd_ioreq.d" -MT"Middlewares/ST/STM32_USB_Device_Library/Core/Src/usbd_ioreq.o" --specs=nano.specs -mfloat-abi=soft -mthumb -o "Middlewares/ST/STM32_USB_Device_Library/Core/Src/usbd_ioreq.o"
arm-none-eabi-gcc "../Middlewares/ST/STM32_USB_Device_Library/Class/AUDIO/Src/usbd_audio.c" -mcpu=cortex-m3 -std=gnu11 -g3 -DUSE_HAL_DRIVER -DSTM32F103xB -DDEBUG -c -I../Inc -I../Drivers/STM32F1xx_HAL_Driver/Inc -I../Drivers/STM32F1xx_HAL_Driver/Inc/Legacy -I../Middlewares/ST/STM32_USB_Device_Library/Core/Inc -I../Middlewares/ST/STM32_USB_Device_Library/Class/AUDIO/Inc -I../Drivers/CMSIS/Device/ST/STM32F1xx/Include -I../Drivers/CMSIS/Include -O0 -ffunction-sections -fdata-sections -Wall -fstack-usage -MMD -MP -MF"Middlewares/ST/STM32_USB_Device_Library/Class/AUDIO/Src/usbd_audio.d" -MT"Middlewares/ST/STM32_USB_Device_Library/Class/AUDIO/Src/usbd_audio.o" --specs=nano.specs -mfloat-abi=soft -mthumb -o "Middlewares/ST/STM32_USB_Device_Library/Class/AUDIO/Src/usbd_audio.o"
arm-none-eabi-gcc "../Drivers/STM32F1xx_HAL_Driver/Src/stm32f1xx_hal.c" -mcpu=cortex-m3 -std=gnu11 -g3 -DUSE_HAL_DRIVER -DSTM32F103xB -DDEBUG -c -I../Inc -I../Drivers/STM32F1xx_HAL_Driver/Inc -I../Drivers/STM32F1xx_HAL_Driver/Inc/Legacy -I../Middlewares/ST/STM32_USB_Device_Library/Core/Inc -I../Middlewares/ST/STM32_USB_Device_Library/Class/AUDIO/Inc -I../Drivers/CMSIS/Device/ST/STM32F1xx/Include -I../Drivers/CMSIS/Include -O0 -ffunction-sections -fdata-sections -Wall -fstack-usage -MMD -MP -MF"Drivers/STM32F1xx_HAL_Driver/Src/stm32f1xx_hal.d" -MT"Drivers/STM32F1xx_HAL_Driver/Src/stm32f1xx_hal.o" --specs=nano.specs -mfloat-abi=soft -mthumb -o "Drivers/STM32F1xx_HAL_Driver/Src/stm32f1xx_hal.o"
arm-none-eabi-gcc "../Drivers/STM32F1xx_HAL_Driver/Src/stm32f1xx_hal_cortex.c" -mcpu=cortex-m3 -std=gnu11 -g3 -DUSE_HAL_DRIVER -DSTM32F103xB -DDEBUG -c -I../Inc -I../Drivers/STM32F1xx_HAL_Driver/Inc -I../Drivers/STM32F1xx_HAL_Driver/Inc/Legacy -I../Middlewares/ST/STM32_USB_Device_Library/Core/Inc -I../Middlewares/ST/STM32_USB_Device_Library/Class/AUDIO/Inc -I../Drivers/CMSIS/Device/ST/STM32F1xx/Include -I../Drivers/CMSIS/Include -O0 -ffunction-sections -fdata-sections -Wall -fstack-usage -MMD -MP -MF"Drivers/STM32F1xx_HAL_Driver/Src/stm32f1xx_hal_cortex.d" -MT"Drivers/STM32F1xx_HAL_Driver/Src/stm32f1xx_hal_cortex.o" --specs=nano.specs -mfloat-abi=soft -mthumb -o "Drivers/STM32F1xx_HAL_Driver/Src/stm32f1xx_hal_cortex.o"
arm-none-eabi-gcc "../Drivers/STM32F1xx_HAL_Driver/Src/stm32f1xx_hal_dma.c" -mcpu=cortex-m3 -std=gnu11 -g3 -DUSE_HAL_DRIVER -DSTM32F103xB -DDEBUG -c -I../Inc -I../Drivers/STM32F1xx_HAL_Driver/Inc -I../Drivers/STM32F1xx_HAL_Driver/Inc/Legacy -I../Middlewares/ST/STM32_USB_Device_Library/Core/Inc -I../Middlewares/ST/STM32_USB_Device_Library/Class/AUDIO/Inc -I../Drivers/CMSIS/Device/ST/STM32F1xx/Include -I../Drivers/CMSIS/Include -O0 -ffunction-sections -fdata-sections -Wall -fstack-usage -MMD -MP -MF"Drivers/STM32F1xx_HAL_Driver/Src/stm32f1xx_hal_dma.d" -MT"Drivers/STM32F1xx_HAL_Driver/Src/stm32f1xx_hal_dma.o" --specs=nano.specs -mfloat-abi=soft -mthumb -o "Drivers/STM32F1xx_HAL_Driver/Src/stm32f1xx_hal_dma.o"
arm-none-eabi-gcc "../Drivers/STM32F1xx_HAL_Driver/Src/stm32f1xx_hal_exti.c" -mcpu=cortex-m3 -std=gnu11 -g3 -DUSE_HAL_DRIVER -DSTM32F103xB -DDEBUG -c -I../Inc -I../Drivers/STM32F1xx_HAL_Driver/Inc -I../Drivers/STM32F1xx_HAL_Driver/Inc/Legacy -I../Middlewares/ST/STM32_USB_Device_Library/Core/Inc -I../Middlewares/ST/STM32_USB_Device_Library/Class/AUDIO/Inc -I../Drivers/CMSIS/Device/ST/STM32F1xx/Include -I../Drivers/CMSIS/Include -O0 -ffunction-sections -fdata-sections -Wall -fstack-usage -MMD -MP -MF"Drivers/STM32F1xx_HAL_Driver/Src/stm32f1xx_hal_exti.d" -MT"Drivers/STM32F1xx_HAL_Driver/Src/stm32f1xx_hal_exti.o" --specs=nano.specs -mfloat-abi=soft -mthumb -o "Drivers/STM32F1xx_HAL_Driver/Src/stm32f1xx_hal_exti.o"
arm-none-eabi-gcc "../Drivers/STM32F1xx_HAL_Driver/Src/stm32f1xx_hal_flash.c" -mcpu=cortex-m3 -std=gnu11 -g3 -DUSE_HAL_DRIVER -DSTM32F103xB -DDEBUG -c -I../Inc -I../Drivers/STM32F1xx_HAL_Driver/Inc -I../Drivers/STM32F1xx_HAL_Driver/Inc/Legacy -I../Middlewares/ST/STM32_USB_Device_Library/Core/Inc -I../Middlewares/ST/STM32_USB_Device_Library/Class/AUDIO/Inc -I../Drivers/CMSIS/Device/ST/STM32F1xx/Include -I../Drivers/CMSIS/Include -O0 -ffunction-sections -fdata-sections -Wall -fstack-usage -MMD -MP -MF"Drivers/STM32F1xx_HAL_Driver/Src/stm32f1xx_hal_flash.d" -MT"Drivers/STM32F1xx_HAL_Driver/Src/stm32f1xx_hal_flash.o" --specs=nano.specs -mfloat-abi=soft -mthumb -o "Drivers/STM32F1xx_HAL_Driver/Src/stm32f1xx_hal_flash.o"
arm-none-eabi-gcc "../Drivers/STM32F1xx_HAL_Driver/Src/stm32f1xx_hal_flash_ex.c" -mcpu=cortex-m3 -std=gnu11 -g3 -DUSE_HAL_DRIVER -DSTM32F103xB -DDEBUG -c -I../Inc -I../Drivers/STM32F1xx_HAL_Driver/Inc -I../Drivers/STM32F1xx_HAL_Driver/Inc/Legacy -I../Middlewares/ST/STM32_USB_Device_Library/Core/Inc -I../Middlewares/ST/STM32_USB_Device_Library/Class/AUDIO/Inc -I../Drivers/CMSIS/Device/ST/STM32F1xx/Include -I../Drivers/CMSIS/Include -O0 -ffunction-sections -fdata-sections -Wall -fstack-usage -MMD -MP -MF"Drivers/STM32F1xx_HAL_Driver/Src/stm32f1xx_hal_flash_ex.d" -MT"Drivers/STM32F1xx_HAL_Driver/Src/stm32f1xx_hal_flash_ex.o" --specs=nano.specs -mfloat-abi=soft -mthumb -o "Drivers/STM32F1xx_HAL_Driver/Src/stm32f1xx_hal_flash_ex.o"
arm-none-eabi-gcc "../Drivers/STM32F1xx_HAL_Driver/Src/stm32f1xx_hal_gpio.c" -mcpu=cortex-m3 -std=gnu11 -g3 -DUSE_HAL_DRIVER -DSTM32F103xB -DDEBUG -c -I../Inc -I../Drivers/STM32F1xx_HAL_Driver/Inc -I../Drivers/STM32F1xx_HAL_Driver/Inc/Legacy -I../Middlewares/ST/STM32_USB_Device_Library/Core/Inc -I../Middlewares/ST/STM32_USB_Device_Library/Class/AUDIO/Inc -I../Drivers/CMSIS/Device/ST/STM32F1xx/Include -I../Drivers/CMSIS/Include -O0 -ffunction-sections -fdata-sections -Wall -fstack-usage -MMD -MP -MF"Drivers/STM32F1xx_HAL_Driver/Src/stm32f1xx_hal_gpio.d" -MT"Drivers/STM32F1xx_HAL_Driver/Src/stm32f1xx_hal_gpio.o" --specs=nano.specs -mfloat-abi=soft -mthumb -o "Drivers/STM32F1xx_HAL_Driver/Src/stm32f1xx_hal_gpio.o"
arm-none-eabi-gcc "../Drivers/STM32F1xx_HAL_Driver/Src/stm32f1xx_hal_gpio_ex.c" -mcpu=cortex-m3 -std=gnu11 -g3 -DUSE_HAL_DRIVER -DSTM32F103xB -DDEBUG -c -I../Inc -I../Drivers/STM32F1xx_HAL_Driver/Inc -I../Drivers/STM32F1xx_HAL_Driver/Inc/Legacy -I../Middlewares/ST/STM32_USB_Device_Library/Core/Inc -I../Middlewares/ST/STM32_USB_Device_Library/Class/AUDIO/Inc -I../Drivers/CMSIS/Device/ST/STM32F1xx/Include -I../Drivers/CMSIS/Include -O0 -ffunction-sections -fdata-sections -Wall -fstack-usage -MMD -MP -MF"Drivers/STM32F1xx_HAL_Driver/Src/stm32f1xx_hal_gpio_ex.d" -MT"Drivers/STM32F1xx_HAL_Driver/Src/stm32f1xx_hal_gpio_ex.o" --specs=nano.specs -mfloat-abi=soft -mthumb -o "Drivers/STM32F1xx_HAL_Driver/Src/stm32f1xx_hal_gpio_ex.o"
arm-none-eabi-gcc "../Drivers/STM32F1xx_HAL_Driver/Src/stm32f1xx_hal_pcd.c" -mcpu=cortex-m3 -std=gnu11 -g3 -DUSE_HAL_DRIVER -DSTM32F103xB -DDEBUG -c -I../Inc -I../Drivers/STM32F1xx_HAL_Driver/Inc -I../Drivers/STM32F1xx_HAL_Driver/Inc/Legacy -I../Middlewares/ST/STM32_USB_Device_Library/Core/Inc -I../Middlewares/ST/STM32_USB_Device_Library/Class/AUDIO/Inc -I../Drivers/CMSIS/Device/ST/STM32F1xx/Include -I../Drivers/CMSIS/Include -O0 -ffunction-sections -fdata-sections -Wall -fstack-usage -MMD -MP -MF"Drivers/STM32F1xx_HAL_Driver/Src/stm32f1xx_hal_pcd.d" -MT"Drivers/STM32F1xx_HAL_Driver/Src/stm32f1xx_hal_pcd.o" --specs=nano.specs -mfloat-abi=soft -mthumb -o "Drivers/STM32F1xx_HAL_Driver/Src/stm32f1xx_hal_pcd.o"
arm-none-eabi-gcc "../Drivers/STM32F1xx_HAL_Driver/Src/stm32f1xx_hal_pcd_ex.c" -mcpu=cortex-m3 -std=gnu11 -g3 -DUSE_HAL_DRIVER -DSTM32F103xB -DDEBUG -c -I../Inc -I../Drivers/STM32F1xx_HAL_Driver/Inc -I../Drivers/STM32F1xx_HAL_Driver/Inc/Legacy -I../Middlewares/ST/STM32_USB_Device_Library/Core/Inc -I../Middlewares/ST/STM32_USB_Device_Library/Class/AUDIO/Inc -I../Drivers/CMSIS/Device/ST/STM32F1xx/Include -I../Drivers/CMSIS/Include -O0 -ffunction-sections -fdata-sections -Wall -fstack-usage -MMD -MP -MF"Drivers/STM32F1xx_HAL_Driver/Src/stm32f1xx_hal_pcd_ex.d" -MT"Drivers/STM32F1xx_HAL_Driver/Src/stm32f1xx_hal_pcd_ex.o" --specs=nano.specs -mfloat-abi=soft -mthumb -o "Drivers/STM32F1xx_HAL_Driver/Src/stm32f1xx_hal_pcd_ex.o"
arm-none-eabi-gcc "../Drivers/STM32F1xx_HAL_Driver/Src/stm32f1xx_hal_pwr.c" -mcpu=cortex-m3 -std=gnu11 -g3 -DUSE_HAL_DRIVER -DSTM32F103xB -DDEBUG -c -I../Inc -I../Drivers/STM32F1xx_HAL_Driver/Inc -I../Drivers/STM32F1xx_HAL_Driver/Inc/Legacy -I../Middlewares/ST/STM32_USB_Device_Library/Core/Inc -I../Middlewares/ST/STM32_USB_Device_Library/Class/AUDIO/Inc -I../Drivers/CMSIS/Device/ST/STM32F1xx/Include -I../Drivers/CMSIS/Include -O0 -ffunction-sections -fdata-sections -Wall -fstack-usage -MMD -MP -MF"Drivers/STM32F1xx_HAL_Driver/Src/stm32f1xx_hal_pwr.d" -MT"Drivers/STM32F1xx_HAL_Driver/Src/stm32f1xx_hal_pwr.o" --specs=nano.specs -mfloat-abi=soft -mthumb -o "Drivers/STM32F1xx_HAL_Driver/Src/stm32f1xx_hal_pwr.o"
arm-none-eabi-gcc "../Drivers/STM32F1xx_HAL_Driver/Src/stm32f1xx_hal_rcc.c" -mcpu=cortex-m3 -std=gnu11 -g3 -DUSE_HAL_DRIVER -DSTM32F103xB -DDEBUG -c -I../Inc -I../Drivers/STM32F1xx_HAL_Driver/Inc -I../Drivers/STM32F1xx_HAL_Driver/Inc/Legacy -I../Middlewares/ST/STM32_USB_Device_Library/Core/Inc -I../Middlewares/ST/STM32_USB_Device_Library/Class/AUDIO/Inc -I../Drivers/CMSIS/Device/ST/STM32F1xx/Include -I../Drivers/CMSIS/Include -O0 -ffunction-sections -fdata-sections -Wall -fstack-usage -MMD -MP -MF"Drivers/STM32F1xx_HAL_Driver/Src/stm32f1xx_hal_rcc.d" -MT"Drivers/STM32F1xx_HAL_Driver/Src/stm32f1xx_hal_rcc.o" --specs=nano.specs -mfloat-abi=soft -mthumb -o "Drivers/STM32F1xx_HAL_Driver/Src/stm32f1xx_hal_rcc.o"
arm-none-eabi-gcc "../Drivers/STM32F1xx_HAL_Driver/Src/stm32f1xx_hal_rcc_ex.c" -mcpu=cortex-m3 -std=gnu11 -g3 -DUSE_HAL_DRIVER -DSTM32F103xB -DDEBUG -c -I../Inc -I../Drivers/STM32F1xx_HAL_Driver/Inc -I../Drivers/STM32F1xx_HAL_Driver/Inc/Legacy -I../Middlewares/ST/STM32_USB_Device_Library/Core/Inc -I../Middlewares/ST/STM32_USB_Device_Library/Class/AUDIO/Inc -I../Drivers/CMSIS/Device/ST/STM32F1xx/Include -I../Drivers/CMSIS/Include -O0 -ffunction-sections -fdata-sections -Wall -fstack-usage -MMD -MP -MF"Drivers/STM32F1xx_HAL_Driver/Src/stm32f1xx_hal_rcc_ex.d" -MT"Drivers/STM32F1xx_HAL_Driver/Src/stm32f1xx_hal_rcc_ex.o" --specs=nano.specs -mfloat-abi=soft -mthumb -o "Drivers/STM32F1xx_HAL_Driver/Src/stm32f1xx_hal_rcc_ex.o"
arm-none-eabi-gcc "../Drivers/STM32F1xx_HAL_Driver/Src/stm32f1xx_hal_tim.c" -mcpu=cortex-m3 -std=gnu11 -g3 -DUSE_HAL_DRIVER -DSTM32F103xB -DDEBUG -c -I../Inc -I../Drivers/STM32F1xx_HAL_Driver/Inc -I../Drivers/STM32F1xx_HAL_Driver/Inc/Legacy -I../Middlewares/ST/STM32_USB_Device_Library/Core/Inc -I../Middlewares/ST/STM32_USB_Device_Library/Class/AUDIO/Inc -I../Drivers/CMSIS/Device/ST/STM32F1xx/Include -I../Drivers/CMSIS/Include -O0 -ffunction-sections -fdata-sections -Wall -fstack-usage -MMD -MP -MF"Drivers/STM32F1xx_HAL_Driver/Src/stm32f1xx_hal_tim.d" -MT"Drivers/STM32F1xx_HAL_Driver/Src/stm32f1xx_hal_tim.o" --specs=nano.specs -mfloat-abi=soft -mthumb -o "Drivers/STM32F1xx_HAL_Driver/Src/stm32f1xx_hal_tim.o"
arm-none-eabi-gcc "../Drivers/STM32F1xx_HAL_Driver/Src/stm32f1xx_hal_tim_ex.c" -mcpu=cortex-m3 -std=gnu11 -g3 -DUSE_HAL_DRIVER -DSTM32F103xB -DDEBUG -c -I../Inc -I../Drivers/STM32F1xx_HAL_Driver/Inc -I../Drivers/STM32F1xx_HAL_Driver/Inc/Legacy -I../Middlewares/ST/STM32_USB_Device_Library/Core/Inc -I../Middlewares/ST/STM32_USB_Device_Library/Class/AUDIO/Inc -I../Drivers/CMSIS/Device/ST/STM32F1xx/Include -I../Drivers/CMSIS/Include -O0 -ffunction-sections -fdata-sections -Wall -fstack-usage -MMD -MP -MF"Drivers/STM32F1xx_HAL_Driver/Src/stm32f1xx_hal_tim_ex.d" -MT"Drivers/STM32F1xx_HAL_Driver/Src/stm32f1xx_hal_tim_ex.o" --specs=nano.specs -mfloat-abi=soft -mthumb -o "Drivers/STM32F1xx_HAL_Driver/Src/stm32f1xx_hal_tim_ex.o"
arm-none-eabi-gcc "../Drivers/STM32F1xx_HAL_Driver/Src/stm32f1xx_ll_usb.c" -mcpu=cortex-m3 -std=gnu11 -g3 -DUSE_HAL_DRIVER -DSTM32F103xB -DDEBUG -c -I../Inc -I../Drivers/STM32F1xx_HAL_Driver/Inc -I../Drivers/STM32F1xx_HAL_Driver/Inc/Legacy -I../Middlewares/ST/STM32_USB_Device_Library/Core/Inc -I../Middlewares/ST/STM32_USB_Device_Library/Class/AUDIO/Inc -I../Drivers/CMSIS/Device/ST/STM32F1xx/Include -I../Drivers/CMSIS/Include -O0 -ffunction-sections -fdata-sections -Wall -fstack-usage -MMD -MP -MF"Drivers/STM32F1xx_HAL_Driver/Src/stm32f1xx_ll_usb.d" -MT"Drivers/STM32F1xx_HAL_Driver/Src/stm32f1xx_ll_usb.o" --specs=nano.specs -mfloat-abi=soft -mthumb -o "Drivers/STM32F1xx_HAL_Driver/Src/stm32f1xx_ll_usb.o"
arm-none-eabi-gcc -o "STM32F1_USB.elf" @"objects.list"   -mcpu=cortex-m3 -T"F:\Documents\GitHub\FPG USB to I2S Converter\dev\STM32F1_USB\STM32F103C8TX_FLASH.ld" --specs=nosys.specs -Wl,-Map="STM32F1_USB.map" -Wl,--gc-sections -static --specs=nano.specs -mfloat-abi=soft -mthumb -Wl,--start-group -lc -lm -Wl,--end-group
Finished building target: STM32F1_USB.elf
 
arm-none-eabi-size   STM32F1_USB.elf 
arm-none-eabi-objdump -h -S  STM32F1_USB.elf  > "STM32F1_USB.list"
arm-none-eabi-objcopy  -O binary  STM32F1_USB.elf  "STM32F1_USB.bin"
   text	   data	    bss	    dec	    hex	filename
  24396	    408	   3904	  28708	   7024	STM32F1_USB.elf
Finished building: default.size.stdout
 
Finished building: STM32F1_USB.bin
 
Finished building: STM32F1_USB.list
 
01:27:51 **** Build of configuration Debug for project STM32F4_USB ****
make -j4 all 
arm-none-eabi-gcc -mcpu=cortex-m4 -g3 -c -x assembler-with-cpp -MMD -MP -MF"Startup/startup_stm32f412zgtx.d" -MT"Startup/startup_stm32f412zgtx.o" --specs=nano.specs -mfpu=fpv4-sp-d16 -mfloat-abi=hard -mthumb -o "Startup/startup_stm32f412zgtx.o" "../Startup/startup_stm32f412zgtx.s"
arm-none-eabi-gcc "../Src/main.c" -mcpu=cortex-m4 -std=gnu11 -g3 -DUSE_HAL_DRIVER -DSTM32F412Zx -DDEBUG -c -I../Inc -I../Drivers/CMSIS/Include -I../Drivers/STM32F4xx_HAL_Driver/Inc -I../Drivers/CMSIS/Device/ST/STM32F4xx/Include -I../Middlewares/ST/STM32_USB_Device_Library/Core/Inc -I../Drivers/STM32F4xx_HAL_Driver/Inc/Legacy -I../Middlewares/ST/STM32_USB_Device_Library/Class/AUDIO/Inc -O0 -ffunction-sections -fdata-sections -Wall -fstack-usage -MMD -MP -MF"Src/main.d" -MT"Src/main.o" --specs=nano.specs -mfpu=fpv4-sp-d16 -mfloat-abi=hard -mthumb -o "Src/main.o"
arm-none-eabi-gcc "../Src/stm32f4xx_hal_msp.c" -mcpu=cortex-m4 -std=gnu11 -g3 -DUSE_HAL_DRIVER -DSTM32F412Zx -DDEBUG -c -I../Inc -I../Drivers/CMSIS/Include -I../Drivers/STM32F4xx_HAL_Driver/Inc -I../Drivers/CMSIS/Device/ST/STM32F4xx/Include -I../Middlewares/ST/STM32_USB_Device_Library/Core/Inc -I../Drivers/STM32F4xx_HAL_Driver/Inc/Legacy -I../Middlewares/ST/STM32_USB_Device_Library/Class/AUDIO/Inc -O0 -ffunction-sections -fdata-sections -Wall -fstack-usage -MMD -MP -MF"Src/stm32f4xx_hal_msp.d" -MT"Src/stm32f4xx_hal_msp.o" --specs=nano.specs -mfpu=fpv4-sp-d16 -mfloat-abi=hard -mthumb -o "Src/stm32f4xx_hal_msp.o"
arm-none-eabi-gcc "../Src/stm32f4xx_it.c" -mcpu=cortex-m4 -std=gnu11 -g3 -DUSE_HAL_DRIVER -DSTM32F412Zx -DDEBUG -c -I../Inc -I../Drivers/CMSIS/Include -I../Drivers/STM32F4xx_HAL_Driver/Inc -I../Drivers/CMSIS/Device/ST/STM32F4xx/Include -I../Middlewares/ST/STM32_USB_Device_Library/Core/Inc -I../Drivers/STM32F4xx_HAL_Driver/Inc/Legacy -I../Middlewares/ST/STM32_USB_Device_Library/Class/AUDIO/Inc -O0 -ffunction-sections -fdata-sections -Wall -fstack-usage -MMD -MP -MF"Src/stm32f4xx_it.d" -MT"Src/stm32f4xx_it.o" --specs=nano.specs -mfpu=fpv4-sp-d16 -mfloat-abi=hard -mthumb -o "Src/stm32f4xx_it.o"
arm-none-eabi-gcc "../Src/syscalls.c" -mcpu=cortex-m4 -std=gnu11 -g3 -DUSE_HAL_DRIVER -DSTM32F412Zx -DDEBUG -c -I../Inc -I../Drivers/CMSIS/Include -I../Drivers/STM32F4xx_HAL_Driver/Inc -I../Drivers/CMSIS/Device/ST/STM32F4xx/Include -I../Middlewares/ST/STM32_USB_Device_Library/Core/Inc -I../Drivers/STM32F4xx_HAL_Driver/Inc/Legacy -I../Middlewares/ST/STM32_USB_Device_Library/Class/AUDIO/Inc -O0 -ffunction-sections -fdata-sections -Wall -fstack-usage -MMD -MP -MF"Src/syscalls.d" -MT"Src/syscalls.o" --specs=nano.specs -mfpu=fpv4-sp-d16 -mfloat-abi=hard -mthumb -o "Src/syscalls.o"
arm-none-eabi-gcc "../Src/sysmem.c" -mcpu=cortex-m4 -std=gnu11 -g3 -DUSE_HAL_DRIVER -DSTM32F412Zx -DDEBUG -c -I../Inc -I../Drivers/CMSIS/Include -I../Drivers/STM32F4xx_HAL_Driver/Inc -I../Drivers/CMSIS/Device/ST/STM32F4xx/Include -I../Middlewares/ST/STM32_USB_Device_Library/Core/Inc -I../Drivers/STM32F4xx_HAL_Driver/Inc/Legacy -I../Middlewares/ST/STM32_USB_Device_Library/Class/AUDIO/Inc -O0 -ffunction-sections -fdata-sections -Wall -fstack-usage -MMD -MP -MF"Src/sysmem.d" -MT"Src/sysmem.o" --specs=nano.specs -mfpu=fpv4-sp-d16 -mfloat-abi=hard -mthumb -o "Src/sysmem.o"
arm-none-eabi-gcc "../Src/system_stm32f4xx.c" -mcpu=cortex-m4 -std=gnu11 -g3 -DUSE_HAL_DRIVER -DSTM32F412Zx -DDEBUG -c -I../Inc -I../Drivers/CMSIS/Include -I../Drivers/STM32F4xx_HAL_Driver/Inc -I../Drivers/CMSIS/Device/ST/STM32F4xx/Include -I../Middlewares/ST/STM32_USB_Device_Library/Core/Inc -I../Drivers/STM32F4xx_HAL_Driver/Inc/Legacy -I../Middlewares/ST/STM32_USB_Device_Library/Class/AUDIO/Inc -O0 -ffunction-sections -fdata-sections -Wall -fstack-usage -MMD -MP -MF"Src/system_stm32f4xx.d" -MT"Src/system_stm32f4xx.o" --specs=nano.specs -mfpu=fpv4-sp-d16 -mfloat-abi=hard -mthumb -o "Src/system_stm32f4xx.o"
arm-none-eabi-gcc "../Src/usb_device.c" -mcpu=cortex-m4 -std=gnu11 -g3 -DUSE_HAL_DRIVER -DSTM32F412Zx -DDEBUG -c -I../Inc -I../Drivers/CMSIS/Include -I../Drivers/STM32F4xx_HAL_Driver/Inc -I../Drivers/CMSIS/Device/ST/STM32F4xx/Include -I../Middlewares/ST/STM32_USB_Device_Library/Core/Inc -I../Drivers/STM32F4xx_HAL_Driver/Inc/Legacy -I../Middlewares/ST/STM32_USB_Device_Library/Class/AUDIO/Inc -O0 -ffunction-sections -fdata-sections -Wall -fstack-usage -MMD -MP -MF"Src/usb_device.d" -MT"Src/usb_device.o" --specs=nano.specs -mfpu=fpv4-sp-d16 -mfloat-abi=hard -mthumb -o "Src/usb_device.o"
arm-none-eabi-gcc "../Src/usbd_audio_if.c" -mcpu=cortex-m4 -std=gnu11 -g3 -DUSE_HAL_DRIVER -DSTM32F412Zx -DDEBUG -c -I../Inc -I../Drivers/CMSIS/Include -I../Drivers/STM32F4xx_HAL_Driver/Inc -I../Drivers/CMSIS/Device/ST/STM32F4xx/Include -I../Middlewares/ST/STM32_USB_Device_Library/Core/Inc -I../Drivers/STM32F4xx_HAL_Driver/Inc/Legacy -I../Middlewares/ST/STM32_USB_Device_Library/Class/AUDIO/Inc -O0 -ffunction-sections -fdata-sections -Wall -fstack-usage -MMD -MP -MF"Src/usbd_audio_if.d" -MT"Src/usbd_audio_if.o" --specs=nano.specs -mfpu=fpv4-sp-d16 -mfloat-abi=hard -mthumb -o "Src/usbd_audio_if.o"
arm-none-eabi-gcc "../Src/usbd_conf.c" -mcpu=cortex-m4 -std=gnu11 -g3 -DUSE_HAL_DRIVER -DSTM32F412Zx -DDEBUG -c -I../Inc -I../Drivers/CMSIS/Include -I../Drivers/STM32F4xx_HAL_Driver/Inc -I../Drivers/CMSIS/Device/ST/STM32F4xx/Include -I../Middlewares/ST/STM32_USB_Device_Library/Core/Inc -I../Drivers/STM32F4xx_HAL_Driver/Inc/Legacy -I../Middlewares/ST/STM32_USB_Device_Library/Class/AUDIO/Inc -O0 -ffunction-sections -fdata-sections -Wall -fstack-usage -MMD -MP -MF"Src/usbd_conf.d" -MT"Src/usbd_conf.o" --specs=nano.specs -mfpu=fpv4-sp-d16 -mfloat-abi=hard -mthumb -o "Src/usbd_conf.o"
arm-none-eabi-gcc "../Src/usbd_desc.c" -mcpu=cortex-m4 -std=gnu11 -g3 -DUSE_HAL_DRIVER -DSTM32F412Zx -DDEBUG -c -I../Inc -I../Drivers/CMSIS/Include -I../Drivers/STM32F4xx_HAL_Driver/Inc -I../Drivers/CMSIS/Device/ST/STM32F4xx/Include -I../Middlewares/ST/STM32_USB_Device_Library/Core/Inc -I../Drivers/STM32F4xx_HAL_Driver/Inc/Legacy -I../Middlewares/ST/STM32_USB_Device_Library/Class/AUDIO/Inc -O0 -ffunction-sections -fdata-sections -Wall -fstack-usage -MMD -MP -MF"Src/usbd_desc.d" -MT"Src/usbd_desc.o" --specs=nano.specs -mfpu=fpv4-sp-d16 -mfloat-abi=hard -mthumb -o "Src/usbd_desc.o"
arm-none-eabi-gcc "../Middlewares/ST/STM32_USB_Device_Library/Core/Src/usbd_core.c" -mcpu=cortex-m4 -std=gnu11 -g3 -DUSE_HAL_DRIVER -DSTM32F412Zx -DDEBUG -c -I../Inc -I../Drivers/CMSIS/Include -I../Drivers/STM32F4xx_HAL_Driver/Inc -I../Drivers/CMSIS/Device/ST/STM32F4xx/Include -I../Middlewares/ST/STM32_USB_Device_Library/Core/Inc -I../Drivers/STM32F4xx_HAL_Driver/Inc/Legacy -I../Middlewares/ST/STM32_USB_Device_Library/Class/AUDIO/Inc -O0 -ffunction-sections -fdata-sections -Wall -fstack-usage -MMD -MP -MF"Middlewares/ST/STM32_USB_Device_Library/Core/Src/usbd_core.d" -MT"Middlewares/ST/STM32_USB_Device_Library/Core/Src/usbd_core.o" --specs=nano.specs -mfpu=fpv4-sp-d16 -mfloat-abi=hard -mthumb -o "Middlewares/ST/STM32_USB_Device_Library/Core/Src/usbd_core.o"
arm-none-eabi-gcc "../Middlewares/ST/STM32_USB_Device_Library/Core/Src/usbd_ctlreq.c" -mcpu=cortex-m4 -std=gnu11 -g3 -DUSE_HAL_DRIVER -DSTM32F412Zx -DDEBUG -c -I../Inc -I../Drivers/CMSIS/Include -I../Drivers/STM32F4xx_HAL_Driver/Inc -I../Drivers/CMSIS/Device/ST/STM32F4xx/Include -I../Middlewares/ST/STM32_USB_Device_Library/Core/Inc -I../Drivers/STM32F4xx_HAL_Driver/Inc/Legacy -I../Middlewares/ST/STM32_USB_Device_Library/Class/AUDIO/Inc -O0 -ffunction-sections -fdata-sections -Wall -fstack-usage -MMD -MP -MF"Middlewares/ST/STM32_USB_Device_Library/Core/Src/usbd_ctlreq.d" -MT"Middlewares/ST/STM32_USB_Device_Library/Core/Src/usbd_ctlreq.o" --specs=nano.specs -mfpu=fpv4-sp-d16 -mfloat-abi=hard -mthumb -o "Middlewares/ST/STM32_USB_Device_Library/Core/Src/usbd_ctlreq.o"
arm-none-eabi-gcc "../Middlewares/ST/STM32_USB_Device_Library/Core/Src/usbd_ioreq.c" -mcpu=cortex-m4 -std=gnu11 -g3 -DUSE_HAL_DRIVER -DSTM32F412Zx -DDEBUG -c -I../Inc -I../Drivers/CMSIS/Include -I../Drivers/STM32F4xx_HAL_Driver/Inc -I../Drivers/CMSIS/Device/ST/STM32F4xx/Include -I../Middlewares/ST/STM32_USB_Device_Library/Core/Inc -I../Drivers/STM32F4xx_HAL_Driver/Inc/Legacy -I../Middlewares/ST/STM32_USB_Device_Library/Class/AUDIO/Inc -O0 -ffunction-sections -fdata-sections -Wall -fstack-usage -MMD -MP -MF"Middlewares/ST/STM32_USB_Device_Library/Core/Src/usbd_ioreq.d" -MT"Middlewares/ST/STM32_USB_Device_Library/Core/Src/usbd_ioreq.o" --specs=nano.specs -mfpu=fpv4-sp-d16 -mfloat-abi=hard -mthumb -o "Middlewares/ST/STM32_USB_Device_Library/Core/Src/usbd_ioreq.o"
arm-none-eabi-gcc "../Middlewares/ST/STM32_USB_Device_Library/Class/AUDIO/Src/usbd_audio.c" -mcpu=cortex-m4 -std=gnu11 -g3 -DUSE_HAL_DRIVER -DSTM32F412Zx -DDEBUG -c -I../Inc -I../Drivers/CMSIS/Include -I../Drivers/STM32F4xx_HAL_Driver/Inc -I../Drivers/CMSIS/Device/ST/STM32F4xx/Include -I../Middlewares/ST/STM32_USB_Device_Library/Core/Inc -I../Drivers/STM32F4xx_HAL_Driver/Inc/Legacy -I../Middlewares/ST/STM32_USB_Device_Library/Class/AUDIO/Inc -O0 -ffunction-sections -fdata-sections -Wall -fstack-usage -MMD -MP -MF"Middlewares/ST/STM32_USB_Device_Library/Class/AUDIO/Src/usbd_audio.d" -MT"Middlewares/ST/STM32_USB_Device_Library/Class/AUDIO/Src/usbd_audio.o" --specs=nano.specs -mfpu=fpv4-sp-d16 -mfloat-abi=hard -mthumb -o "Middlewares/ST/STM32_USB_Device_Library/Class/AUDIO/Src/usbd_audio.o"
arm-none-eabi-gcc "../Drivers/STM32F4xx_HAL_Driver/Src/stm32f4xx_hal.c" -mcpu=cortex-m4 -std=gnu11 -g3 -DUSE_HAL_DRIVER -DSTM32F412Zx -DDEBUG -c -I../Inc -I../Drivers/CMSIS/Include -I../Drivers/STM32F4xx_HAL_Driver/Inc -I../Drivers/CMSIS/Device/ST/STM32F4xx/Include -I../Middlewares/ST/STM32_USB_Device_Library/Core/Inc -I../Drivers/STM32F4xx_HAL_Driver/Inc/Legacy -I../Middlewares/ST/STM32_USB_Device_Library/Class/AUDIO/Inc -O0 -ffunction-sections -fdata-sections -Wall -fstack-usage -MMD -MP -MF"Drivers/STM32F4xx_HAL_Driver/Src/stm32f4xx_hal.d" -MT"Drivers/STM32F4xx_HAL_Driver/Src/stm32f4xx_hal.o" --specs=nano.specs -mfpu=fpv4-sp-d16 -mfloat-abi=hard -mthumb -o "Drivers/STM32F4xx_HAL_Driver/Src/stm32f4xx_hal.o"
In file included from ../Middlewares/ST/STM32_USB_Device_Library/Class/AUDIO/Src/usbd_audio.c:63:0:
../Middlewares/ST/STM32_USB_Device_Library/Class/AUDIO/Inc/usbd_audio.h:58:55: warning: excess elements in array initializer
 #define AUDIO_STREAMING_ENDPOINT_DESC_SIZE            0x07U
                                                       ^
../Middlewares/ST/STM32_USB_Device_Library/Class/AUDIO/Src/usbd_audio.c:312:3: note: in expansion of macro 'AUDIO_STREAMING_ENDPOINT_DESC_SIZE'
   AUDIO_STREAMING_ENDPOINT_DESC_SIZE,   /* bLength */
   ^
../Middlewares/ST/STM32_USB_Device_Library/Class/AUDIO/Inc/usbd_audio.h:58:55: note: (near initialization for 'USBD_AUDIO_CfgDesc')
 #define AUDIO_STREAMING_ENDPOINT_DESC_SIZE            0x07U
                                                       ^
../Middlewares/ST/STM32_USB_Device_Library/Class/AUDIO/Src/usbd_audio.c:312:3: note: in expansion of macro 'AUDIO_STREAMING_ENDPOINT_DESC_SIZE'
   AUDIO_STREAMING_ENDPOINT_DESC_SIZE,   /* bLength */
   ^
../Middlewares/ST/STM32_USB_Device_Library/Class/AUDIO/Inc/usbd_audio.h:70:55: warning: excess elements in array initializer
 #define AUDIO_ENDPOINT_DESCRIPTOR_TYPE                0x25U
                                                       ^
../Middlewares/ST/STM32_USB_Device_Library/Class/AUDIO/Src/usbd_audio.c:313:3: note: in expansion of macro 'AUDIO_ENDPOINT_DESCRIPTOR_TYPE'
   AUDIO_ENDPOINT_DESCRIPTOR_TYPE,       /* bDescriptorType */
   ^~~~~~~~~~~~~~~~~~~~~~~~~~~~~~
../Middlewares/ST/STM32_USB_Device_Library/Class/AUDIO/Inc/usbd_audio.h:70:55: note: (near initialization for 'USBD_AUDIO_CfgDesc')
 #define AUDIO_ENDPOINT_DESCRIPTOR_TYPE                0x25U
                                                       ^
../Middlewares/ST/STM32_USB_Device_Library/Class/AUDIO/Src/usbd_audio.c:313:3: note: in expansion of macro 'AUDIO_ENDPOINT_DESCRIPTOR_TYPE'
   AUDIO_ENDPOINT_DESCRIPTOR_TYPE,       /* bDescriptorType */
   ^~~~~~~~~~~~~~~~~~~~~~~~~~~~~~
../Middlewares/ST/STM32_USB_Device_Library/Class/AUDIO/Inc/usbd_audio.h:87:55: warning: excess elements in array initializer
 #define AUDIO_ENDPOINT_GENERAL                        0x01U
                                                       ^
../Middlewares/ST/STM32_USB_Device_Library/Class/AUDIO/Src/usbd_audio.c:314:3: note: in expansion of macro 'AUDIO_ENDPOINT_GENERAL'
   AUDIO_ENDPOINT_GENERAL,               /* bDescriptor */
   ^~~~~~~~~~~~~~~~~~~~~~
../Middlewares/ST/STM32_USB_Device_Library/Class/AUDIO/Inc/usbd_audio.h:87:55: note: (near initialization for 'USBD_AUDIO_CfgDesc')
 #define AUDIO_ENDPOINT_GENERAL                        0x01U
                                                       ^
../Middlewares/ST/STM32_USB_Device_Library/Class/AUDIO/Src/usbd_audio.c:314:3: note: in expansion of macro 'AUDIO_ENDPOINT_GENERAL'
   AUDIO_ENDPOINT_GENERAL,               /* bDescriptor */
   ^~~~~~~~~~~~~~~~~~~~~~
../Middlewares/ST/STM32_USB_Device_Library/Class/AUDIO/Src/usbd_audio.c:315:3: warning: excess elements in array initializer
   0x00,                                 /* bmAttributes */
   ^~~~
../Middlewares/ST/STM32_USB_Device_Library/Class/AUDIO/Src/usbd_audio.c:315:3: note: (near initialization for 'USBD_AUDIO_CfgDesc')
../Middlewares/ST/STM32_USB_Device_Library/Class/AUDIO/Src/usbd_audio.c:316:3: warning: excess elements in array initializer
   0x00,                                 /* bLockDelayUnits */
   ^~~~
../Middlewares/ST/STM32_USB_Device_Library/Class/AUDIO/Src/usbd_audio.c:316:3: note: (near initialization for 'USBD_AUDIO_CfgDesc')
../Middlewares/ST/STM32_USB_Device_Library/Class/AUDIO/Src/usbd_audio.c:317:3: warning: excess elements in array initializer
   0x00,                                 /* wLockDelay */
   ^~~~
../Middlewares/ST/STM32_USB_Device_Library/Class/AUDIO/Src/usbd_audio.c:317:3: note: (near initialization for 'USBD_AUDIO_CfgDesc')
../Middlewares/ST/STM32_USB_Device_Library/Class/AUDIO/Src/usbd_audio.c:318:3: warning: excess elements in array initializer
   0x00,
   ^~~~
../Middlewares/ST/STM32_USB_Device_Library/Class/AUDIO/Src/usbd_audio.c:318:3: note: (near initialization for 'USBD_AUDIO_CfgDesc')
arm-none-eabi-gcc "../Drivers/STM32F4xx_HAL_Driver/Src/stm32f4xx_hal_cortex.c" -mcpu=cortex-m4 -std=gnu11 -g3 -DUSE_HAL_DRIVER -DSTM32F412Zx -DDEBUG -c -I../Inc -I../Drivers/CMSIS/Include -I../Drivers/STM32F4xx_HAL_Driver/Inc -I../Drivers/CMSIS/Device/ST/STM32F4xx/Include -I../Middlewares/ST/STM32_USB_Device_Library/Core/Inc -I../Drivers/STM32F4xx_HAL_Driver/Inc/Legacy -I../Middlewares/ST/STM32_USB_Device_Library/Class/AUDIO/Inc -O0 -ffunction-sections -fdata-sections -Wall -fstack-usage -MMD -MP -MF"Drivers/STM32F4xx_HAL_Driver/Src/stm32f4xx_hal_cortex.d" -MT"Drivers/STM32F4xx_HAL_Driver/Src/stm32f4xx_hal_cortex.o" --specs=nano.specs -mfpu=fpv4-sp-d16 -mfloat-abi=hard -mthumb -o "Drivers/STM32F4xx_HAL_Driver/Src/stm32f4xx_hal_cortex.o"
arm-none-eabi-gcc "../Drivers/STM32F4xx_HAL_Driver/Src/stm32f4xx_hal_dma.c" -mcpu=cortex-m4 -std=gnu11 -g3 -DUSE_HAL_DRIVER -DSTM32F412Zx -DDEBUG -c -I../Inc -I../Drivers/CMSIS/Include -I../Drivers/STM32F4xx_HAL_Driver/Inc -I../Drivers/CMSIS/Device/ST/STM32F4xx/Include -I../Middlewares/ST/STM32_USB_Device_Library/Core/Inc -I../Drivers/STM32F4xx_HAL_Driver/Inc/Legacy -I../Middlewares/ST/STM32_USB_Device_Library/Class/AUDIO/Inc -O0 -ffunction-sections -fdata-sections -Wall -fstack-usage -MMD -MP -MF"Drivers/STM32F4xx_HAL_Driver/Src/stm32f4xx_hal_dma.d" -MT"Drivers/STM32F4xx_HAL_Driver/Src/stm32f4xx_hal_dma.o" --specs=nano.specs -mfpu=fpv4-sp-d16 -mfloat-abi=hard -mthumb -o "Drivers/STM32F4xx_HAL_Driver/Src/stm32f4xx_hal_dma.o"
arm-none-eabi-gcc "../Drivers/STM32F4xx_HAL_Driver/Src/stm32f4xx_hal_dma_ex.c" -mcpu=cortex-m4 -std=gnu11 -g3 -DUSE_HAL_DRIVER -DSTM32F412Zx -DDEBUG -c -I../Inc -I../Drivers/CMSIS/Include -I../Drivers/STM32F4xx_HAL_Driver/Inc -I../Drivers/CMSIS/Device/ST/STM32F4xx/Include -I../Middlewares/ST/STM32_USB_Device_Library/Core/Inc -I../Drivers/STM32F4xx_HAL_Driver/Inc/Legacy -I../Middlewares/ST/STM32_USB_Device_Library/Class/AUDIO/Inc -O0 -ffunction-sections -fdata-sections -Wall -fstack-usage -MMD -MP -MF"Drivers/STM32F4xx_HAL_Driver/Src/stm32f4xx_hal_dma_ex.d" -MT"Drivers/STM32F4xx_HAL_Driver/Src/stm32f4xx_hal_dma_ex.o" --specs=nano.specs -mfpu=fpv4-sp-d16 -mfloat-abi=hard -mthumb -o "Drivers/STM32F4xx_HAL_Driver/Src/stm32f4xx_hal_dma_ex.o"
arm-none-eabi-gcc "../Drivers/STM32F4xx_HAL_Driver/Src/stm32f4xx_hal_exti.c" -mcpu=cortex-m4 -std=gnu11 -g3 -DUSE_HAL_DRIVER -DSTM32F412Zx -DDEBUG -c -I../Inc -I../Drivers/CMSIS/Include -I../Drivers/STM32F4xx_HAL_Driver/Inc -I../Drivers/CMSIS/Device/ST/STM32F4xx/Include -I../Middlewares/ST/STM32_USB_Device_Library/Core/Inc -I../Drivers/STM32F4xx_HAL_Driver/Inc/Legacy -I../Middlewares/ST/STM32_USB_Device_Library/Class/AUDIO/Inc -O0 -ffunction-sections -fdata-sections -Wall -fstack-usage -MMD -MP -MF"Drivers/STM32F4xx_HAL_Driver/Src/stm32f4xx_hal_exti.d" -MT"Drivers/STM32F4xx_HAL_Driver/Src/stm32f4xx_hal_exti.o" --specs=nano.specs -mfpu=fpv4-sp-d16 -mfloat-abi=hard -mthumb -o "Drivers/STM32F4xx_HAL_Driver/Src/stm32f4xx_hal_exti.o"
arm-none-eabi-gcc "../Drivers/STM32F4xx_HAL_Driver/Src/stm32f4xx_hal_flash.c" -mcpu=cortex-m4 -std=gnu11 -g3 -DUSE_HAL_DRIVER -DSTM32F412Zx -DDEBUG -c -I../Inc -I../Drivers/CMSIS/Include -I../Drivers/STM32F4xx_HAL_Driver/Inc -I../Drivers/CMSIS/Device/ST/STM32F4xx/Include -I../Middlewares/ST/STM32_USB_Device_Library/Core/Inc -I../Drivers/STM32F4xx_HAL_Driver/Inc/Legacy -I../Middlewares/ST/STM32_USB_Device_Library/Class/AUDIO/Inc -O0 -ffunction-sections -fdata-sections -Wall -fstack-usage -MMD -MP -MF"Drivers/STM32F4xx_HAL_Driver/Src/stm32f4xx_hal_flash.d" -MT"Drivers/STM32F4xx_HAL_Driver/Src/stm32f4xx_hal_flash.o" --specs=nano.specs -mfpu=fpv4-sp-d16 -mfloat-abi=hard -mthumb -o "Drivers/STM32F4xx_HAL_Driver/Src/stm32f4xx_hal_flash.o"
arm-none-eabi-gcc "../Drivers/STM32F4xx_HAL_Driver/Src/stm32f4xx_hal_flash_ex.c" -mcpu=cortex-m4 -std=gnu11 -g3 -DUSE_HAL_DRIVER -DSTM32F412Zx -DDEBUG -c -I../Inc -I../Drivers/CMSIS/Include -I../Drivers/STM32F4xx_HAL_Driver/Inc -I../Drivers/CMSIS/Device/ST/STM32F4xx/Include -I../Middlewares/ST/STM32_USB_Device_Library/Core/Inc -I../Drivers/STM32F4xx_HAL_Driver/Inc/Legacy -I../Middlewares/ST/STM32_USB_Device_Library/Class/AUDIO/Inc -O0 -ffunction-sections -fdata-sections -Wall -fstack-usage -MMD -MP -MF"Drivers/STM32F4xx_HAL_Driver/Src/stm32f4xx_hal_flash_ex.d" -MT"Drivers/STM32F4xx_HAL_Driver/Src/stm32f4xx_hal_flash_ex.o" --specs=nano.specs -mfpu=fpv4-sp-d16 -mfloat-abi=hard -mthumb -o "Drivers/STM32F4xx_HAL_Driver/Src/stm32f4xx_hal_flash_ex.o"
arm-none-eabi-gcc "../Drivers/STM32F4xx_HAL_Driver/Src/stm32f4xx_hal_flash_ramfunc.c" -mcpu=cortex-m4 -std=gnu11 -g3 -DUSE_HAL_DRIVER -DSTM32F412Zx -DDEBUG -c -I../Inc -I../Drivers/CMSIS/Include -I../Drivers/STM32F4xx_HAL_Driver/Inc -I../Drivers/CMSIS/Device/ST/STM32F4xx/Include -I../Middlewares/ST/STM32_USB_Device_Library/Core/Inc -I../Drivers/STM32F4xx_HAL_Driver/Inc/Legacy -I../Middlewares/ST/STM32_USB_Device_Library/Class/AUDIO/Inc -O0 -ffunction-sections -fdata-sections -Wall -fstack-usage -MMD -MP -MF"Drivers/STM32F4xx_HAL_Driver/Src/stm32f4xx_hal_flash_ramfunc.d" -MT"Drivers/STM32F4xx_HAL_Driver/Src/stm32f4xx_hal_flash_ramfunc.o" --specs=nano.specs -mfpu=fpv4-sp-d16 -mfloat-abi=hard -mthumb -o "Drivers/STM32F4xx_HAL_Driver/Src/stm32f4xx_hal_flash_ramfunc.o"
arm-none-eabi-gcc "../Drivers/STM32F4xx_HAL_Driver/Src/stm32f4xx_hal_gpio.c" -mcpu=cortex-m4 -std=gnu11 -g3 -DUSE_HAL_DRIVER -DSTM32F412Zx -DDEBUG -c -I../Inc -I../Drivers/CMSIS/Include -I../Drivers/STM32F4xx_HAL_Driver/Inc -I../Drivers/CMSIS/Device/ST/STM32F4xx/Include -I../Middlewares/ST/STM32_USB_Device_Library/Core/Inc -I../Drivers/STM32F4xx_HAL_Driver/Inc/Legacy -I../Middlewares/ST/STM32_USB_Device_Library/Class/AUDIO/Inc -O0 -ffunction-sections -fdata-sections -Wall -fstack-usage -MMD -MP -MF"Drivers/STM32F4xx_HAL_Driver/Src/stm32f4xx_hal_gpio.d" -MT"Drivers/STM32F4xx_HAL_Driver/Src/stm32f4xx_hal_gpio.o" --specs=nano.specs -mfpu=fpv4-sp-d16 -mfloat-abi=hard -mthumb -o "Drivers/STM32F4xx_HAL_Driver/Src/stm32f4xx_hal_gpio.o"
arm-none-eabi-gcc "../Drivers/STM32F4xx_HAL_Driver/Src/stm32f4xx_hal_i2c.c" -mcpu=cortex-m4 -std=gnu11 -g3 -DUSE_HAL_DRIVER -DSTM32F412Zx -DDEBUG -c -I../Inc -I../Drivers/CMSIS/Include -I../Drivers/STM32F4xx_HAL_Driver/Inc -I../Drivers/CMSIS/Device/ST/STM32F4xx/Include -I../Middlewares/ST/STM32_USB_Device_Library/Core/Inc -I../Drivers/STM32F4xx_HAL_Driver/Inc/Legacy -I../Middlewares/ST/STM32_USB_Device_Library/Class/AUDIO/Inc -O0 -ffunction-sections -fdata-sections -Wall -fstack-usage -MMD -MP -MF"Drivers/STM32F4xx_HAL_Driver/Src/stm32f4xx_hal_i2c.d" -MT"Drivers/STM32F4xx_HAL_Driver/Src/stm32f4xx_hal_i2c.o" --specs=nano.specs -mfpu=fpv4-sp-d16 -mfloat-abi=hard -mthumb -o "Drivers/STM32F4xx_HAL_Driver/Src/stm32f4xx_hal_i2c.o"
arm-none-eabi-gcc "../Drivers/STM32F4xx_HAL_Driver/Src/stm32f4xx_hal_i2c_ex.c" -mcpu=cortex-m4 -std=gnu11 -g3 -DUSE_HAL_DRIVER -DSTM32F412Zx -DDEBUG -c -I../Inc -I../Drivers/CMSIS/Include -I../Drivers/STM32F4xx_HAL_Driver/Inc -I../Drivers/CMSIS/Device/ST/STM32F4xx/Include -I../Middlewares/ST/STM32_USB_Device_Library/Core/Inc -I../Drivers/STM32F4xx_HAL_Driver/Inc/Legacy -I../Middlewares/ST/STM32_USB_Device_Library/Class/AUDIO/Inc -O0 -ffunction-sections -fdata-sections -Wall -fstack-usage -MMD -MP -MF"Drivers/STM32F4xx_HAL_Driver/Src/stm32f4xx_hal_i2c_ex.d" -MT"Drivers/STM32F4xx_HAL_Driver/Src/stm32f4xx_hal_i2c_ex.o" --specs=nano.specs -mfpu=fpv4-sp-d16 -mfloat-abi=hard -mthumb -o "Drivers/STM32F4xx_HAL_Driver/Src/stm32f4xx_hal_i2c_ex.o"
arm-none-eabi-gcc "../Drivers/STM32F4xx_HAL_Driver/Src/stm32f4xx_hal_i2s.c" -mcpu=cortex-m4 -std=gnu11 -g3 -DUSE_HAL_DRIVER -DSTM32F412Zx -DDEBUG -c -I../Inc -I../Drivers/CMSIS/Include -I../Drivers/STM32F4xx_HAL_Driver/Inc -I../Drivers/CMSIS/Device/ST/STM32F4xx/Include -I../Middlewares/ST/STM32_USB_Device_Library/Core/Inc -I../Drivers/STM32F4xx_HAL_Driver/Inc/Legacy -I../Middlewares/ST/STM32_USB_Device_Library/Class/AUDIO/Inc -O0 -ffunction-sections -fdata-sections -Wall -fstack-usage -MMD -MP -MF"Drivers/STM32F4xx_HAL_Driver/Src/stm32f4xx_hal_i2s.d" -MT"Drivers/STM32F4xx_HAL_Driver/Src/stm32f4xx_hal_i2s.o" --specs=nano.specs -mfpu=fpv4-sp-d16 -mfloat-abi=hard -mthumb -o "Drivers/STM32F4xx_HAL_Driver/Src/stm32f4xx_hal_i2s.o"
arm-none-eabi-gcc "../Drivers/STM32F4xx_HAL_Driver/Src/stm32f4xx_hal_i2s_ex.c" -mcpu=cortex-m4 -std=gnu11 -g3 -DUSE_HAL_DRIVER -DSTM32F412Zx -DDEBUG -c -I../Inc -I../Drivers/CMSIS/Include -I../Drivers/STM32F4xx_HAL_Driver/Inc -I../Drivers/CMSIS/Device/ST/STM32F4xx/Include -I../Middlewares/ST/STM32_USB_Device_Library/Core/Inc -I../Drivers/STM32F4xx_HAL_Driver/Inc/Legacy -I../Middlewares/ST/STM32_USB_Device_Library/Class/AUDIO/Inc -O0 -ffunction-sections -fdata-sections -Wall -fstack-usage -MMD -MP -MF"Drivers/STM32F4xx_HAL_Driver/Src/stm32f4xx_hal_i2s_ex.d" -MT"Drivers/STM32F4xx_HAL_Driver/Src/stm32f4xx_hal_i2s_ex.o" --specs=nano.specs -mfpu=fpv4-sp-d16 -mfloat-abi=hard -mthumb -o "Drivers/STM32F4xx_HAL_Driver/Src/stm32f4xx_hal_i2s_ex.o"
arm-none-eabi-gcc "../Drivers/STM32F4xx_HAL_Driver/Src/stm32f4xx_hal_pcd.c" -mcpu=cortex-m4 -std=gnu11 -g3 -DUSE_HAL_DRIVER -DSTM32F412Zx -DDEBUG -c -I../Inc -I../Drivers/CMSIS/Include -I../Drivers/STM32F4xx_HAL_Driver/Inc -I../Drivers/CMSIS/Device/ST/STM32F4xx/Include -I../Middlewares/ST/STM32_USB_Device_Library/Core/Inc -I../Drivers/STM32F4xx_HAL_Driver/Inc/Legacy -I../Middlewares/ST/STM32_USB_Device_Library/Class/AUDIO/Inc -O0 -ffunction-sections -fdata-sections -Wall -fstack-usage -MMD -MP -MF"Drivers/STM32F4xx_HAL_Driver/Src/stm32f4xx_hal_pcd.d" -MT"Drivers/STM32F4xx_HAL_Driver/Src/stm32f4xx_hal_pcd.o" --specs=nano.specs -mfpu=fpv4-sp-d16 -mfloat-abi=hard -mthumb -o "Drivers/STM32F4xx_HAL_Driver/Src/stm32f4xx_hal_pcd.o"
arm-none-eabi-gcc "../Drivers/STM32F4xx_HAL_Driver/Src/stm32f4xx_hal_pcd_ex.c" -mcpu=cortex-m4 -std=gnu11 -g3 -DUSE_HAL_DRIVER -DSTM32F412Zx -DDEBUG -c -I../Inc -I../Drivers/CMSIS/Include -I../Drivers/STM32F4xx_HAL_Driver/Inc -I../Drivers/CMSIS/Device/ST/STM32F4xx/Include -I../Middlewares/ST/STM32_USB_Device_Library/Core/Inc -I../Drivers/STM32F4xx_HAL_Driver/Inc/Legacy -I../Middlewares/ST/STM32_USB_Device_Library/Class/AUDIO/Inc -O0 -ffunction-sections -fdata-sections -Wall -fstack-usage -MMD -MP -MF"Drivers/STM32F4xx_HAL_Driver/Src/stm32f4xx_hal_pcd_ex.d" -MT"Drivers/STM32F4xx_HAL_Driver/Src/stm32f4xx_hal_pcd_ex.o" --specs=nano.specs -mfpu=fpv4-sp-d16 -mfloat-abi=hard -mthumb -o "Drivers/STM32F4xx_HAL_Driver/Src/stm32f4xx_hal_pcd_ex.o"
arm-none-eabi-gcc "../Drivers/STM32F4xx_HAL_Driver/Src/stm32f4xx_hal_pwr.c" -mcpu=cortex-m4 -std=gnu11 -g3 -DUSE_HAL_DRIVER -DSTM32F412Zx -DDEBUG -c -I../Inc -I../Drivers/CMSIS/Include -I../Drivers/STM32F4xx_HAL_Driver/Inc -I../Drivers/CMSIS/Device/ST/STM32F4xx/Include -I../Middlewares/ST/STM32_USB_Device_Library/Core/Inc -I../Drivers/STM32F4xx_HAL_Driver/Inc/Legacy -I../Middlewares/ST/STM32_USB_Device_Library/Class/AUDIO/Inc -O0 -ffunction-sections -fdata-sections -Wall -fstack-usage -MMD -MP -MF"Drivers/STM32F4xx_HAL_Driver/Src/stm32f4xx_hal_pwr.d" -MT"Drivers/STM32F4xx_HAL_Driver/Src/stm32f4xx_hal_pwr.o" --specs=nano.specs -mfpu=fpv4-sp-d16 -mfloat-abi=hard -mthumb -o "Drivers/STM32F4xx_HAL_Driver/Src/stm32f4xx_hal_pwr.o"
arm-none-eabi-gcc "../Drivers/STM32F4xx_HAL_Driver/Src/stm32f4xx_hal_pwr_ex.c" -mcpu=cortex-m4 -std=gnu11 -g3 -DUSE_HAL_DRIVER -DSTM32F412Zx -DDEBUG -c -I../Inc -I../Drivers/CMSIS/Include -I../Drivers/STM32F4xx_HAL_Driver/Inc -I../Drivers/CMSIS/Device/ST/STM32F4xx/Include -I../Middlewares/ST/STM32_USB_Device_Library/Core/Inc -I../Drivers/STM32F4xx_HAL_Driver/Inc/Legacy -I../Middlewares/ST/STM32_USB_Device_Library/Class/AUDIO/Inc -O0 -ffunction-sections -fdata-sections -Wall -fstack-usage -MMD -MP -MF"Drivers/STM32F4xx_HAL_Driver/Src/stm32f4xx_hal_pwr_ex.d" -MT"Drivers/STM32F4xx_HAL_Driver/Src/stm32f4xx_hal_pwr_ex.o" --specs=nano.specs -mfpu=fpv4-sp-d16 -mfloat-abi=hard -mthumb -o "Drivers/STM32F4xx_HAL_Driver/Src/stm32f4xx_hal_pwr_ex.o"
arm-none-eabi-gcc "../Drivers/STM32F4xx_HAL_Driver/Src/stm32f4xx_hal_qspi.c" -mcpu=cortex-m4 -std=gnu11 -g3 -DUSE_HAL_DRIVER -DSTM32F412Zx -DDEBUG -c -I../Inc -I../Drivers/CMSIS/Include -I../Drivers/STM32F4xx_HAL_Driver/Inc -I../Drivers/CMSIS/Device/ST/STM32F4xx/Include -I../Middlewares/ST/STM32_USB_Device_Library/Core/Inc -I../Drivers/STM32F4xx_HAL_Driver/Inc/Legacy -I../Middlewares/ST/STM32_USB_Device_Library/Class/AUDIO/Inc -O0 -ffunction-sections -fdata-sections -Wall -fstack-usage -MMD -MP -MF"Drivers/STM32F4xx_HAL_Driver/Src/stm32f4xx_hal_qspi.d" -MT"Drivers/STM32F4xx_HAL_Driver/Src/stm32f4xx_hal_qspi.o" --specs=nano.specs -mfpu=fpv4-sp-d16 -mfloat-abi=hard -mthumb -o "Drivers/STM32F4xx_HAL_Driver/Src/stm32f4xx_hal_qspi.o"
arm-none-eabi-gcc "../Drivers/STM32F4xx_HAL_Driver/Src/stm32f4xx_hal_rcc.c" -mcpu=cortex-m4 -std=gnu11 -g3 -DUSE_HAL_DRIVER -DSTM32F412Zx -DDEBUG -c -I../Inc -I../Drivers/CMSIS/Include -I../Drivers/STM32F4xx_HAL_Driver/Inc -I../Drivers/CMSIS/Device/ST/STM32F4xx/Include -I../Middlewares/ST/STM32_USB_Device_Library/Core/Inc -I../Drivers/STM32F4xx_HAL_Driver/Inc/Legacy -I../Middlewares/ST/STM32_USB_Device_Library/Class/AUDIO/Inc -O0 -ffunction-sections -fdata-sections -Wall -fstack-usage -MMD -MP -MF"Drivers/STM32F4xx_HAL_Driver/Src/stm32f4xx_hal_rcc.d" -MT"Drivers/STM32F4xx_HAL_Driver/Src/stm32f4xx_hal_rcc.o" --specs=nano.specs -mfpu=fpv4-sp-d16 -mfloat-abi=hard -mthumb -o "Drivers/STM32F4xx_HAL_Driver/Src/stm32f4xx_hal_rcc.o"
arm-none-eabi-gcc "../Drivers/STM32F4xx_HAL_Driver/Src/stm32f4xx_hal_rcc_ex.c" -mcpu=cortex-m4 -std=gnu11 -g3 -DUSE_HAL_DRIVER -DSTM32F412Zx -DDEBUG -c -I../Inc -I../Drivers/CMSIS/Include -I../Drivers/STM32F4xx_HAL_Driver/Inc -I../Drivers/CMSIS/Device/ST/STM32F4xx/Include -I../Middlewares/ST/STM32_USB_Device_Library/Core/Inc -I../Drivers/STM32F4xx_HAL_Driver/Inc/Legacy -I../Middlewares/ST/STM32_USB_Device_Library/Class/AUDIO/Inc -O0 -ffunction-sections -fdata-sections -Wall -fstack-usage -MMD -MP -MF"Drivers/STM32F4xx_HAL_Driver/Src/stm32f4xx_hal_rcc_ex.d" -MT"Drivers/STM32F4xx_HAL_Driver/Src/stm32f4xx_hal_rcc_ex.o" --specs=nano.specs -mfpu=fpv4-sp-d16 -mfloat-abi=hard -mthumb -o "Drivers/STM32F4xx_HAL_Driver/Src/stm32f4xx_hal_rcc_ex.o"
arm-none-eabi-gcc "../Drivers/STM32F4xx_HAL_Driver/Src/stm32f4xx_hal_sd.c" -mcpu=cortex-m4 -std=gnu11 -g3 -DUSE_HAL_DRIVER -DSTM32F412Zx -DDEBUG -c -I../Inc -I../Drivers/CMSIS/Include -I../Drivers/STM32F4xx_HAL_Driver/Inc -I../Drivers/CMSIS/Device/ST/STM32F4xx/Include -I../Middlewares/ST/STM32_USB_Device_Library/Core/Inc -I../Drivers/STM32F4xx_HAL_Driver/Inc/Legacy -I../Middlewares/ST/STM32_USB_Device_Library/Class/AUDIO/Inc -O0 -ffunction-sections -fdata-sections -Wall -fstack-usage -MMD -MP -MF"Drivers/STM32F4xx_HAL_Driver/Src/stm32f4xx_hal_sd.d" -MT"Drivers/STM32F4xx_HAL_Driver/Src/stm32f4xx_hal_sd.o" --specs=nano.specs -mfpu=fpv4-sp-d16 -mfloat-abi=hard -mthumb -o "Drivers/STM32F4xx_HAL_Driver/Src/stm32f4xx_hal_sd.o"
arm-none-eabi-gcc "../Drivers/STM32F4xx_HAL_Driver/Src/stm32f4xx_hal_sram.c" -mcpu=cortex-m4 -std=gnu11 -g3 -DUSE_HAL_DRIVER -DSTM32F412Zx -DDEBUG -c -I../Inc -I../Drivers/CMSIS/Include -I../Drivers/STM32F4xx_HAL_Driver/Inc -I../Drivers/CMSIS/Device/ST/STM32F4xx/Include -I../Middlewares/ST/STM32_USB_Device_Library/Core/Inc -I../Drivers/STM32F4xx_HAL_Driver/Inc/Legacy -I../Middlewares/ST/STM32_USB_Device_Library/Class/AUDIO/Inc -O0 -ffunction-sections -fdata-sections -Wall -fstack-usage -MMD -MP -MF"Drivers/STM32F4xx_HAL_Driver/Src/stm32f4xx_hal_sram.d" -MT"Drivers/STM32F4xx_HAL_Driver/Src/stm32f4xx_hal_sram.o" --specs=nano.specs -mfpu=fpv4-sp-d16 -mfloat-abi=hard -mthumb -o "Drivers/STM32F4xx_HAL_Driver/Src/stm32f4xx_hal_sram.o"
arm-none-eabi-gcc "../Drivers/STM32F4xx_HAL_Driver/Src/stm32f4xx_hal_tim.c" -mcpu=cortex-m4 -std=gnu11 -g3 -DUSE_HAL_DRIVER -DSTM32F412Zx -DDEBUG -c -I../Inc -I../Drivers/CMSIS/Include -I../Drivers/STM32F4xx_HAL_Driver/Inc -I../Drivers/CMSIS/Device/ST/STM32F4xx/Include -I../Middlewares/ST/STM32_USB_Device_Library/Core/Inc -I../Drivers/STM32F4xx_HAL_Driver/Inc/Legacy -I../Middlewares/ST/STM32_USB_Device_Library/Class/AUDIO/Inc -O0 -ffunction-sections -fdata-sections -Wall -fstack-usage -MMD -MP -MF"Drivers/STM32F4xx_HAL_Driver/Src/stm32f4xx_hal_tim.d" -MT"Drivers/STM32F4xx_HAL_Driver/Src/stm32f4xx_hal_tim.o" --specs=nano.specs -mfpu=fpv4-sp-d16 -mfloat-abi=hard -mthumb -o "Drivers/STM32F4xx_HAL_Driver/Src/stm32f4xx_hal_tim.o"
arm-none-eabi-gcc "../Drivers/STM32F4xx_HAL_Driver/Src/stm32f4xx_hal_tim_ex.c" -mcpu=cortex-m4 -std=gnu11 -g3 -DUSE_HAL_DRIVER -DSTM32F412Zx -DDEBUG -c -I../Inc -I../Drivers/CMSIS/Include -I../Drivers/STM32F4xx_HAL_Driver/Inc -I../Drivers/CMSIS/Device/ST/STM32F4xx/Include -I../Middlewares/ST/STM32_USB_Device_Library/Core/Inc -I../Drivers/STM32F4xx_HAL_Driver/Inc/Legacy -I../Middlewares/ST/STM32_USB_Device_Library/Class/AUDIO/Inc -O0 -ffunction-sections -fdata-sections -Wall -fstack-usage -MMD -MP -MF"Drivers/STM32F4xx_HAL_Driver/Src/stm32f4xx_hal_tim_ex.d" -MT"Drivers/STM32F4xx_HAL_Driver/Src/stm32f4xx_hal_tim_ex.o" --specs=nano.specs -mfpu=fpv4-sp-d16 -mfloat-abi=hard -mthumb -o "Drivers/STM32F4xx_HAL_Driver/Src/stm32f4xx_hal_tim_ex.o"
arm-none-eabi-gcc "../Drivers/STM32F4xx_HAL_Driver/Src/stm32f4xx_ll_fsmc.c" -mcpu=cortex-m4 -std=gnu11 -g3 -DUSE_HAL_DRIVER -DSTM32F412Zx -DDEBUG -c -I../Inc -I../Drivers/CMSIS/Include -I../Drivers/STM32F4xx_HAL_Driver/Inc -I../Drivers/CMSIS/Device/ST/STM32F4xx/Include -I../Middlewares/ST/STM32_USB_Device_Library/Core/Inc -I../Drivers/STM32F4xx_HAL_Driver/Inc/Legacy -I../Middlewares/ST/STM32_USB_Device_Library/Class/AUDIO/Inc -O0 -ffunction-sections -fdata-sections -Wall -fstack-usage -MMD -MP -MF"Drivers/STM32F4xx_HAL_Driver/Src/stm32f4xx_ll_fsmc.d" -MT"Drivers/STM32F4xx_HAL_Driver/Src/stm32f4xx_ll_fsmc.o" --specs=nano.specs -mfpu=fpv4-sp-d16 -mfloat-abi=hard -mthumb -o "Drivers/STM32F4xx_HAL_Driver/Src/stm32f4xx_ll_fsmc.o"
arm-none-eabi-gcc "../Drivers/STM32F4xx_HAL_Driver/Src/stm32f4xx_ll_sdmmc.c" -mcpu=cortex-m4 -std=gnu11 -g3 -DUSE_HAL_DRIVER -DSTM32F412Zx -DDEBUG -c -I../Inc -I../Drivers/CMSIS/Include -I../Drivers/STM32F4xx_HAL_Driver/Inc -I../Drivers/CMSIS/Device/ST/STM32F4xx/Include -I../Middlewares/ST/STM32_USB_Device_Library/Core/Inc -I../Drivers/STM32F4xx_HAL_Driver/Inc/Legacy -I../Middlewares/ST/STM32_USB_Device_Library/Class/AUDIO/Inc -O0 -ffunction-sections -fdata-sections -Wall -fstack-usage -MMD -MP -MF"Drivers/STM32F4xx_HAL_Driver/Src/stm32f4xx_ll_sdmmc.d" -MT"Drivers/STM32F4xx_HAL_Driver/Src/stm32f4xx_ll_sdmmc.o" --specs=nano.specs -mfpu=fpv4-sp-d16 -mfloat-abi=hard -mthumb -o "Drivers/STM32F4xx_HAL_Driver/Src/stm32f4xx_ll_sdmmc.o"
arm-none-eabi-gcc "../Drivers/STM32F4xx_HAL_Driver/Src/stm32f4xx_ll_usb.c" -mcpu=cortex-m4 -std=gnu11 -g3 -DUSE_HAL_DRIVER -DSTM32F412Zx -DDEBUG -c -I../Inc -I../Drivers/CMSIS/Include -I../Drivers/STM32F4xx_HAL_Driver/Inc -I../Drivers/CMSIS/Device/ST/STM32F4xx/Include -I../Middlewares/ST/STM32_USB_Device_Library/Core/Inc -I../Drivers/STM32F4xx_HAL_Driver/Inc/Legacy -I../Middlewares/ST/STM32_USB_Device_Library/Class/AUDIO/Inc -O0 -ffunction-sections -fdata-sections -Wall -fstack-usage -MMD -MP -MF"Drivers/STM32F4xx_HAL_Driver/Src/stm32f4xx_ll_usb.d" -MT"Drivers/STM32F4xx_HAL_Driver/Src/stm32f4xx_ll_usb.o" --specs=nano.specs -mfpu=fpv4-sp-d16 -mfloat-abi=hard -mthumb -o "Drivers/STM32F4xx_HAL_Driver/Src/stm32f4xx_ll_usb.o"
arm-none-eabi-gcc -o "STM32F4_USB.elf" @"objects.list"   -mcpu=cortex-m4 -T"F:\Documents\GitHub\FPG USB to I2S Converter\dev\STM32F4_USB\STM32F412ZGTX_FLASH.ld" --specs=nosys.specs -Wl,-Map="STM32F4_USB.map" -Wl,--gc-sections -static --specs=nano.specs -mfpu=fpv4-sp-d16 -mfloat-abi=hard -mthumb -Wl,--start-group -lc -lm -Wl,--end-group
Finished building target: STM32F4_USB.elf
 
arm-none-eabi-size   STM32F4_USB.elf 
arm-none-eabi-objdump -h -S  STM32F4_USB.elf  > "STM32F4_USB.list"
arm-none-eabi-objcopy  -O binary  STM32F4_USB.elf  "STM32F4_USB.bin"
   text	   data	    bss	    dec	    hex	filename
  38980	    424	   4336	  43740	   aadc	STM32F4_USB.elf
Finished building: default.size.stdout
 
Finished building: STM32F4_USB.bin
 
Finished building: STM32F4_USB.list
 
01:31:21 **** Incremental Build of configuration Debug for project STM32F4_USB ****
make -j4 all 
arm-none-eabi-gcc "../Src/usb_device.c" -mcpu=cortex-m4 -std=gnu11 -g3 -DUSE_HAL_DRIVER -DSTM32F412Zx -DDEBUG -c -I../Inc -I../Drivers/CMSIS/Include -I../Drivers/STM32F4xx_HAL_Driver/Inc -I../Drivers/CMSIS/Device/ST/STM32F4xx/Include -I../Middlewares/ST/STM32_USB_Device_Library/Core/Inc -I../Drivers/STM32F4xx_HAL_Driver/Inc/Legacy -I../Middlewares/ST/STM32_USB_Device_Library/Class/AUDIO/Inc -O0 -ffunction-sections -fdata-sections -Wall -fstack-usage -MMD -MP -MF"Src/usb_device.d" -MT"Src/usb_device.o" --specs=nano.specs -mfpu=fpv4-sp-d16 -mfloat-abi=hard -mthumb -o "Src/usb_device.o"
arm-none-eabi-gcc "../Src/usbd_audio_if.c" -mcpu=cortex-m4 -std=gnu11 -g3 -DUSE_HAL_DRIVER -DSTM32F412Zx -DDEBUG -c -I../Inc -I../Drivers/CMSIS/Include -I../Drivers/STM32F4xx_HAL_Driver/Inc -I../Drivers/CMSIS/Device/ST/STM32F4xx/Include -I../Middlewares/ST/STM32_USB_Device_Library/Core/Inc -I../Drivers/STM32F4xx_HAL_Driver/Inc/Legacy -I../Middlewares/ST/STM32_USB_Device_Library/Class/AUDIO/Inc -O0 -ffunction-sections -fdata-sections -Wall -fstack-usage -MMD -MP -MF"Src/usbd_audio_if.d" -MT"Src/usbd_audio_if.o" --specs=nano.specs -mfpu=fpv4-sp-d16 -mfloat-abi=hard -mthumb -o "Src/usbd_audio_if.o"
arm-none-eabi-gcc "../Middlewares/ST/STM32_USB_Device_Library/Class/AUDIO/Src/usbd_audio.c" -mcpu=cortex-m4 -std=gnu11 -g3 -DUSE_HAL_DRIVER -DSTM32F412Zx -DDEBUG -c -I../Inc -I../Drivers/CMSIS/Include -I../Drivers/STM32F4xx_HAL_Driver/Inc -I../Drivers/CMSIS/Device/ST/STM32F4xx/Include -I../Middlewares/ST/STM32_USB_Device_Library/Core/Inc -I../Drivers/STM32F4xx_HAL_Driver/Inc/Legacy -I../Middlewares/ST/STM32_USB_Device_Library/Class/AUDIO/Inc -O0 -ffunction-sections -fdata-sections -Wall -fstack-usage -MMD -MP -MF"Middlewares/ST/STM32_USB_Device_Library/Class/AUDIO/Src/usbd_audio.d" -MT"Middlewares/ST/STM32_USB_Device_Library/Class/AUDIO/Src/usbd_audio.o" --specs=nano.specs -mfpu=fpv4-sp-d16 -mfloat-abi=hard -mthumb -o "Middlewares/ST/STM32_USB_Device_Library/Class/AUDIO/Src/usbd_audio.o"
../Middlewares/ST/STM32_USB_Device_Library/Class/AUDIO/Src/usbd_audio.c:318:3: warning: excess elements in array initializer
   0x00,
   ^~~~
../Middlewares/ST/STM32_USB_Device_Library/Class/AUDIO/Src/usbd_audio.c:318:3: note: (near initialization for 'USBD_AUDIO_CfgDesc')
arm-none-eabi-gcc -o "STM32F4_USB.elf" @"objects.list"   -mcpu=cortex-m4 -T"F:\Documents\GitHub\FPG USB to I2S Converter\dev\STM32F4_USB\STM32F412ZGTX_FLASH.ld" --specs=nosys.specs -Wl,-Map="STM32F4_USB.map" -Wl,--gc-sections -static --specs=nano.specs -mfpu=fpv4-sp-d16 -mfloat-abi=hard -mthumb -Wl,--start-group -lc -lm -Wl,--end-group
Finished building target: STM32F4_USB.elf
 
arm-none-eabi-objdump -h -S  STM32F4_USB.elf  > "STM32F4_USB.list"
arm-none-eabi-objcopy  -O binary  STM32F4_USB.elf  "STM32F4_USB.bin"
arm-none-eabi-size   STM32F4_USB.elf 
   text	   data	    bss	    dec	    hex	filename
  38980	    428	   4332	  43740	   aadc	STM32F4_USB.elf
Finished building: default.size.stdout
 
Finished building: STM32F4_USB.bin
 
Finished building: STM32F4_USB.list
 
01:32:11 **** Incremental Build of configuration Debug for project STM32F4_USB ****
make -j4 all 
arm-none-eabi-gcc "../Src/usb_device.c" -mcpu=cortex-m4 -std=gnu11 -g3 -DUSE_HAL_DRIVER -DSTM32F412Zx -DDEBUG -c -I../Inc -I../Drivers/CMSIS/Include -I../Drivers/STM32F4xx_HAL_Driver/Inc -I../Drivers/CMSIS/Device/ST/STM32F4xx/Include -I../Middlewares/ST/STM32_USB_Device_Library/Core/Inc -I../Drivers/STM32F4xx_HAL_Driver/Inc/Legacy -I../Middlewares/ST/STM32_USB_Device_Library/Class/AUDIO/Inc -O0 -ffunction-sections -fdata-sections -Wall -fstack-usage -MMD -MP -MF"Src/usb_device.d" -MT"Src/usb_device.o" --specs=nano.specs -mfpu=fpv4-sp-d16 -mfloat-abi=hard -mthumb -o "Src/usb_device.o"
arm-none-eabi-gcc "../Src/usbd_audio_if.c" -mcpu=cortex-m4 -std=gnu11 -g3 -DUSE_HAL_DRIVER -DSTM32F412Zx -DDEBUG -c -I../Inc -I../Drivers/CMSIS/Include -I../Drivers/STM32F4xx_HAL_Driver/Inc -I../Drivers/CMSIS/Device/ST/STM32F4xx/Include -I../Middlewares/ST/STM32_USB_Device_Library/Core/Inc -I../Drivers/STM32F4xx_HAL_Driver/Inc/Legacy -I../Middlewares/ST/STM32_USB_Device_Library/Class/AUDIO/Inc -O0 -ffunction-sections -fdata-sections -Wall -fstack-usage -MMD -MP -MF"Src/usbd_audio_if.d" -MT"Src/usbd_audio_if.o" --specs=nano.specs -mfpu=fpv4-sp-d16 -mfloat-abi=hard -mthumb -o "Src/usbd_audio_if.o"
arm-none-eabi-gcc "../Middlewares/ST/STM32_USB_Device_Library/Class/AUDIO/Src/usbd_audio.c" -mcpu=cortex-m4 -std=gnu11 -g3 -DUSE_HAL_DRIVER -DSTM32F412Zx -DDEBUG -c -I../Inc -I../Drivers/CMSIS/Include -I../Drivers/STM32F4xx_HAL_Driver/Inc -I../Drivers/CMSIS/Device/ST/STM32F4xx/Include -I../Middlewares/ST/STM32_USB_Device_Library/Core/Inc -I../Drivers/STM32F4xx_HAL_Driver/Inc/Legacy -I../Middlewares/ST/STM32_USB_Device_Library/Class/AUDIO/Inc -O0 -ffunction-sections -fdata-sections -Wall -fstack-usage -MMD -MP -MF"Middlewares/ST/STM32_USB_Device_Library/Class/AUDIO/Src/usbd_audio.d" -MT"Middlewares/ST/STM32_USB_Device_Library/Class/AUDIO/Src/usbd_audio.o" --specs=nano.specs -mfpu=fpv4-sp-d16 -mfloat-abi=hard -mthumb -o "Middlewares/ST/STM32_USB_Device_Library/Class/AUDIO/Src/usbd_audio.o"
arm-none-eabi-gcc -o "STM32F4_USB.elf" @"objects.list"   -mcpu=cortex-m4 -T"F:\Documents\GitHub\FPG USB to I2S Converter\dev\STM32F4_USB\STM32F412ZGTX_FLASH.ld" --specs=nosys.specs -Wl,-Map="STM32F4_USB.map" -Wl,--gc-sections -static --specs=nano.specs -mfpu=fpv4-sp-d16 -mfloat-abi=hard -mthumb -Wl,--start-group -lc -lm -Wl,--end-group
Finished building target: STM32F4_USB.elf
 
arm-none-eabi-objdump -h -S  STM32F4_USB.elf  > "STM32F4_USB.list"
arm-none-eabi-objcopy  -O binary  STM32F4_USB.elf  "STM32F4_USB.bin"
arm-none-eabi-size   STM32F4_USB.elf 
   text	   data	    bss	    dec	    hex	filename
  38980	    428	   4332	  43740	   aadc	STM32F4_USB.elf
Finished building: default.size.stdout
 
Finished building: STM32F4_USB.bin
 
Finished building: STM32F4_USB.list
 
01:32:37 **** Incremental Build of configuration Debug for project STM32F4_USB ****
make -j4 all 
arm-none-eabi-gcc "../Src/usb_device.c" -mcpu=cortex-m4 -std=gnu11 -g3 -DUSE_HAL_DRIVER -DSTM32F412Zx -DDEBUG -c -I../Inc -I../Drivers/CMSIS/Include -I../Drivers/STM32F4xx_HAL_Driver/Inc -I../Drivers/CMSIS/Device/ST/STM32F4xx/Include -I../Middlewares/ST/STM32_USB_Device_Library/Core/Inc -I../Drivers/STM32F4xx_HAL_Driver/Inc/Legacy -I../Middlewares/ST/STM32_USB_Device_Library/Class/AUDIO/Inc -O0 -ffunction-sections -fdata-sections -Wall -fstack-usage -MMD -MP -MF"Src/usb_device.d" -MT"Src/usb_device.o" --specs=nano.specs -mfpu=fpv4-sp-d16 -mfloat-abi=hard -mthumb -o "Src/usb_device.o"
arm-none-eabi-gcc "../Src/usbd_audio_if.c" -mcpu=cortex-m4 -std=gnu11 -g3 -DUSE_HAL_DRIVER -DSTM32F412Zx -DDEBUG -c -I../Inc -I../Drivers/CMSIS/Include -I../Drivers/STM32F4xx_HAL_Driver/Inc -I../Drivers/CMSIS/Device/ST/STM32F4xx/Include -I../Middlewares/ST/STM32_USB_Device_Library/Core/Inc -I../Drivers/STM32F4xx_HAL_Driver/Inc/Legacy -I../Middlewares/ST/STM32_USB_Device_Library/Class/AUDIO/Inc -O0 -ffunction-sections -fdata-sections -Wall -fstack-usage -MMD -MP -MF"Src/usbd_audio_if.d" -MT"Src/usbd_audio_if.o" --specs=nano.specs -mfpu=fpv4-sp-d16 -mfloat-abi=hard -mthumb -o "Src/usbd_audio_if.o"
arm-none-eabi-gcc "../Middlewares/ST/STM32_USB_Device_Library/Class/AUDIO/Src/usbd_audio.c" -mcpu=cortex-m4 -std=gnu11 -g3 -DUSE_HAL_DRIVER -DSTM32F412Zx -DDEBUG -c -I../Inc -I../Drivers/CMSIS/Include -I../Drivers/STM32F4xx_HAL_Driver/Inc -I../Drivers/CMSIS/Device/ST/STM32F4xx/Include -I../Middlewares/ST/STM32_USB_Device_Library/Core/Inc -I../Drivers/STM32F4xx_HAL_Driver/Inc/Legacy -I../Middlewares/ST/STM32_USB_Device_Library/Class/AUDIO/Inc -O0 -ffunction-sections -fdata-sections -Wall -fstack-usage -MMD -MP -MF"Middlewares/ST/STM32_USB_Device_Library/Class/AUDIO/Src/usbd_audio.d" -MT"Middlewares/ST/STM32_USB_Device_Library/Class/AUDIO/Src/usbd_audio.o" --specs=nano.specs -mfpu=fpv4-sp-d16 -mfloat-abi=hard -mthumb -o "Middlewares/ST/STM32_USB_Device_Library/Class/AUDIO/Src/usbd_audio.o"
arm-none-eabi-gcc -o "STM32F4_USB.elf" @"objects.list"   -mcpu=cortex-m4 -T"F:\Documents\GitHub\FPG USB to I2S Converter\dev\STM32F4_USB\STM32F412ZGTX_FLASH.ld" --specs=nosys.specs -Wl,-Map="STM32F4_USB.map" -Wl,--gc-sections -static --specs=nano.specs -mfpu=fpv4-sp-d16 -mfloat-abi=hard -mthumb -Wl,--start-group -lc -lm -Wl,--end-group
Finished building target: STM32F4_USB.elf
 
arm-none-eabi-objdump -h -S  STM32F4_USB.elf  > "STM32F4_USB.list"
arm-none-eabi-objcopy  -O binary  STM32F4_USB.elf  "STM32F4_USB.bin"
arm-none-eabi-size   STM32F4_USB.elf 
   text	   data	    bss	    dec	    hex	filename
  38980	    424	   4336	  43740	   aadc	STM32F4_USB.elf
Finished building: default.size.stdout
 
Finished building: STM32F4_USB.bin
 
Finished building: STM32F4_USB.list
 
01:33:30 **** Incremental Build of configuration Debug for project STM32F4_USB ****
make -j4 all 
arm-none-eabi-gcc "../Src/usb_device.c" -mcpu=cortex-m4 -std=gnu11 -g3 -DUSE_HAL_DRIVER -DSTM32F412Zx -DDEBUG -c -I../Inc -I../Drivers/CMSIS/Include -I../Drivers/STM32F4xx_HAL_Driver/Inc -I../Drivers/CMSIS/Device/ST/STM32F4xx/Include -I../Middlewares/ST/STM32_USB_Device_Library/Core/Inc -I../Drivers/STM32F4xx_HAL_Driver/Inc/Legacy -I../Middlewares/ST/STM32_USB_Device_Library/Class/AUDIO/Inc -O0 -ffunction-sections -fdata-sections -Wall -fstack-usage -MMD -MP -MF"Src/usb_device.d" -MT"Src/usb_device.o" --specs=nano.specs -mfpu=fpv4-sp-d16 -mfloat-abi=hard -mthumb -o "Src/usb_device.o"
arm-none-eabi-gcc "../Src/usbd_audio_if.c" -mcpu=cortex-m4 -std=gnu11 -g3 -DUSE_HAL_DRIVER -DSTM32F412Zx -DDEBUG -c -I../Inc -I../Drivers/CMSIS/Include -I../Drivers/STM32F4xx_HAL_Driver/Inc -I../Drivers/CMSIS/Device/ST/STM32F4xx/Include -I../Middlewares/ST/STM32_USB_Device_Library/Core/Inc -I../Drivers/STM32F4xx_HAL_Driver/Inc/Legacy -I../Middlewares/ST/STM32_USB_Device_Library/Class/AUDIO/Inc -O0 -ffunction-sections -fdata-sections -Wall -fstack-usage -MMD -MP -MF"Src/usbd_audio_if.d" -MT"Src/usbd_audio_if.o" --specs=nano.specs -mfpu=fpv4-sp-d16 -mfloat-abi=hard -mthumb -o "Src/usbd_audio_if.o"
arm-none-eabi-gcc "../Middlewares/ST/STM32_USB_Device_Library/Class/AUDIO/Src/usbd_audio.c" -mcpu=cortex-m4 -std=gnu11 -g3 -DUSE_HAL_DRIVER -DSTM32F412Zx -DDEBUG -c -I../Inc -I../Drivers/CMSIS/Include -I../Drivers/STM32F4xx_HAL_Driver/Inc -I../Drivers/CMSIS/Device/ST/STM32F4xx/Include -I../Middlewares/ST/STM32_USB_Device_Library/Core/Inc -I../Drivers/STM32F4xx_HAL_Driver/Inc/Legacy -I../Middlewares/ST/STM32_USB_Device_Library/Class/AUDIO/Inc -O0 -ffunction-sections -fdata-sections -Wall -fstack-usage -MMD -MP -MF"Middlewares/ST/STM32_USB_Device_Library/Class/AUDIO/Src/usbd_audio.d" -MT"Middlewares/ST/STM32_USB_Device_Library/Class/AUDIO/Src/usbd_audio.o" --specs=nano.specs -mfpu=fpv4-sp-d16 -mfloat-abi=hard -mthumb -o "Middlewares/ST/STM32_USB_Device_Library/Class/AUDIO/Src/usbd_audio.o"
arm-none-eabi-gcc -o "STM32F4_USB.elf" @"objects.list"   -mcpu=cortex-m4 -T"F:\Documents\GitHub\FPG USB to I2S Converter\dev\STM32F4_USB\STM32F412ZGTX_FLASH.ld" --specs=nosys.specs -Wl,-Map="STM32F4_USB.map" -Wl,--gc-sections -static --specs=nano.specs -mfpu=fpv4-sp-d16 -mfloat-abi=hard -mthumb -Wl,--start-group -lc -lm -Wl,--end-group
Finished building target: STM32F4_USB.elf
 
arm-none-eabi-objdump -h -S  STM32F4_USB.elf  > "STM32F4_USB.list"
arm-none-eabi-objcopy  -O binary  STM32F4_USB.elf  "STM32F4_USB.bin"
arm-none-eabi-size   STM32F4_USB.elf 
   text	   data	    bss	    dec	    hex	filename
  38980	    428	   4332	  43740	   aadc	STM32F4_USB.elf
Finished building: default.size.stdout
Finished building: STM32F4_USB.bin
 
 
Finished building: STM32F4_USB.list
 
01:34:04 **** Incremental Build of configuration Debug for project STM32F4_USB ****
make -j4 all 
arm-none-eabi-gcc "../Src/usb_device.c" -mcpu=cortex-m4 -std=gnu11 -g3 -DUSE_HAL_DRIVER -DSTM32F412Zx -DDEBUG -c -I../Inc -I../Drivers/CMSIS/Include -I../Drivers/STM32F4xx_HAL_Driver/Inc -I../Drivers/CMSIS/Device/ST/STM32F4xx/Include -I../Middlewares/ST/STM32_USB_Device_Library/Core/Inc -I../Drivers/STM32F4xx_HAL_Driver/Inc/Legacy -I../Middlewares/ST/STM32_USB_Device_Library/Class/AUDIO/Inc -O0 -ffunction-sections -fdata-sections -Wall -fstack-usage -MMD -MP -MF"Src/usb_device.d" -MT"Src/usb_device.o" --specs=nano.specs -mfpu=fpv4-sp-d16 -mfloat-abi=hard -mthumb -o "Src/usb_device.o"
arm-none-eabi-gcc "../Src/usbd_audio_if.c" -mcpu=cortex-m4 -std=gnu11 -g3 -DUSE_HAL_DRIVER -DSTM32F412Zx -DDEBUG -c -I../Inc -I../Drivers/CMSIS/Include -I../Drivers/STM32F4xx_HAL_Driver/Inc -I../Drivers/CMSIS/Device/ST/STM32F4xx/Include -I../Middlewares/ST/STM32_USB_Device_Library/Core/Inc -I../Drivers/STM32F4xx_HAL_Driver/Inc/Legacy -I../Middlewares/ST/STM32_USB_Device_Library/Class/AUDIO/Inc -O0 -ffunction-sections -fdata-sections -Wall -fstack-usage -MMD -MP -MF"Src/usbd_audio_if.d" -MT"Src/usbd_audio_if.o" --specs=nano.specs -mfpu=fpv4-sp-d16 -mfloat-abi=hard -mthumb -o "Src/usbd_audio_if.o"
arm-none-eabi-gcc "../Middlewares/ST/STM32_USB_Device_Library/Class/AUDIO/Src/usbd_audio.c" -mcpu=cortex-m4 -std=gnu11 -g3 -DUSE_HAL_DRIVER -DSTM32F412Zx -DDEBUG -c -I../Inc -I../Drivers/CMSIS/Include -I../Drivers/STM32F4xx_HAL_Driver/Inc -I../Drivers/CMSIS/Device/ST/STM32F4xx/Include -I../Middlewares/ST/STM32_USB_Device_Library/Core/Inc -I../Drivers/STM32F4xx_HAL_Driver/Inc/Legacy -I../Middlewares/ST/STM32_USB_Device_Library/Class/AUDIO/Inc -O0 -ffunction-sections -fdata-sections -Wall -fstack-usage -MMD -MP -MF"Middlewares/ST/STM32_USB_Device_Library/Class/AUDIO/Src/usbd_audio.d" -MT"Middlewares/ST/STM32_USB_Device_Library/Class/AUDIO/Src/usbd_audio.o" --specs=nano.specs -mfpu=fpv4-sp-d16 -mfloat-abi=hard -mthumb -o "Middlewares/ST/STM32_USB_Device_Library/Class/AUDIO/Src/usbd_audio.o"
arm-none-eabi-gcc -o "STM32F4_USB.elf" @"objects.list"   -mcpu=cortex-m4 -T"F:\Documents\GitHub\FPG USB to I2S Converter\dev\STM32F4_USB\STM32F412ZGTX_FLASH.ld" --specs=nosys.specs -Wl,-Map="STM32F4_USB.map" -Wl,--gc-sections -static --specs=nano.specs -mfpu=fpv4-sp-d16 -mfloat-abi=hard -mthumb -Wl,--start-group -lc -lm -Wl,--end-group
Finished building target: STM32F4_USB.elf
 
arm-none-eabi-objdump -h -S  STM32F4_USB.elf  > "STM32F4_USB.list"
arm-none-eabi-objcopy  -O binary  STM32F4_USB.elf  "STM32F4_USB.bin"
arm-none-eabi-size   STM32F4_USB.elf 
   text	   data	    bss	    dec	    hex	filename
  38980	    424	   4336	  43740	   aadc	STM32F4_USB.elf
Finished building: default.size.stdout
Finished building: STM32F4_USB.bin
 
 
Finished building: STM32F4_USB.list
 
01:36:50 **** Incremental Build of configuration Debug for project STM32F4_USB ****
make -j4 all 
arm-none-eabi-gcc "../Src/usb_device.c" -mcpu=cortex-m4 -std=gnu11 -g3 -DUSE_HAL_DRIVER -DSTM32F412Zx -DDEBUG -c -I../Inc -I../Drivers/CMSIS/Include -I../Drivers/STM32F4xx_HAL_Driver/Inc -I../Drivers/CMSIS/Device/ST/STM32F4xx/Include -I../Middlewares/ST/STM32_USB_Device_Library/Core/Inc -I../Drivers/STM32F4xx_HAL_Driver/Inc/Legacy -I../Middlewares/ST/STM32_USB_Device_Library/Class/AUDIO/Inc -O0 -ffunction-sections -fdata-sections -Wall -fstack-usage -MMD -MP -MF"Src/usb_device.d" -MT"Src/usb_device.o" --specs=nano.specs -mfpu=fpv4-sp-d16 -mfloat-abi=hard -mthumb -o "Src/usb_device.o"
arm-none-eabi-gcc "../Src/usbd_audio_if.c" -mcpu=cortex-m4 -std=gnu11 -g3 -DUSE_HAL_DRIVER -DSTM32F412Zx -DDEBUG -c -I../Inc -I../Drivers/CMSIS/Include -I../Drivers/STM32F4xx_HAL_Driver/Inc -I../Drivers/CMSIS/Device/ST/STM32F4xx/Include -I../Middlewares/ST/STM32_USB_Device_Library/Core/Inc -I../Drivers/STM32F4xx_HAL_Driver/Inc/Legacy -I../Middlewares/ST/STM32_USB_Device_Library/Class/AUDIO/Inc -O0 -ffunction-sections -fdata-sections -Wall -fstack-usage -MMD -MP -MF"Src/usbd_audio_if.d" -MT"Src/usbd_audio_if.o" --specs=nano.specs -mfpu=fpv4-sp-d16 -mfloat-abi=hard -mthumb -o "Src/usbd_audio_if.o"
arm-none-eabi-gcc "../Middlewares/ST/STM32_USB_Device_Library/Class/AUDIO/Src/usbd_audio.c" -mcpu=cortex-m4 -std=gnu11 -g3 -DUSE_HAL_DRIVER -DSTM32F412Zx -DDEBUG -c -I../Inc -I../Drivers/CMSIS/Include -I../Drivers/STM32F4xx_HAL_Driver/Inc -I../Drivers/CMSIS/Device/ST/STM32F4xx/Include -I../Middlewares/ST/STM32_USB_Device_Library/Core/Inc -I../Drivers/STM32F4xx_HAL_Driver/Inc/Legacy -I../Middlewares/ST/STM32_USB_Device_Library/Class/AUDIO/Inc -O0 -ffunction-sections -fdata-sections -Wall -fstack-usage -MMD -MP -MF"Middlewares/ST/STM32_USB_Device_Library/Class/AUDIO/Src/usbd_audio.d" -MT"Middlewares/ST/STM32_USB_Device_Library/Class/AUDIO/Src/usbd_audio.o" --specs=nano.specs -mfpu=fpv4-sp-d16 -mfloat-abi=hard -mthumb -o "Middlewares/ST/STM32_USB_Device_Library/Class/AUDIO/Src/usbd_audio.o"
arm-none-eabi-gcc -o "STM32F4_USB.elf" @"objects.list"   -mcpu=cortex-m4 -T"F:\Documents\GitHub\FPG USB to I2S Converter\dev\STM32F4_USB\STM32F412ZGTX_FLASH.ld" --specs=nosys.specs -Wl,-Map="STM32F4_USB.map" -Wl,--gc-sections -static --specs=nano.specs -mfpu=fpv4-sp-d16 -mfloat-abi=hard -mthumb -Wl,--start-group -lc -lm -Wl,--end-group
Finished building target: STM32F4_USB.elf
 
arm-none-eabi-objdump -h -S  STM32F4_USB.elf  > "STM32F4_USB.list"
arm-none-eabi-objcopy  -O binary  STM32F4_USB.elf  "STM32F4_USB.bin"
arm-none-eabi-size   STM32F4_USB.elf 
   text	   data	    bss	    dec	    hex	filename
  38980	    428	   4332	  43740	   aadc	STM32F4_USB.elf
Finished building: default.size.stdout
Finished building: STM32F4_USB.bin
 
 
Finished building: STM32F4_USB.list
 
01:37:51 **** Incremental Build of configuration Debug for project STM32F4_USB ****
make -j4 all 
arm-none-eabi-gcc "../Src/usb_device.c" -mcpu=cortex-m4 -std=gnu11 -g3 -DUSE_HAL_DRIVER -DSTM32F412Zx -DDEBUG -c -I../Inc -I../Drivers/CMSIS/Include -I../Drivers/STM32F4xx_HAL_Driver/Inc -I../Drivers/CMSIS/Device/ST/STM32F4xx/Include -I../Middlewares/ST/STM32_USB_Device_Library/Core/Inc -I../Drivers/STM32F4xx_HAL_Driver/Inc/Legacy -I../Middlewares/ST/STM32_USB_Device_Library/Class/AUDIO/Inc -O0 -ffunction-sections -fdata-sections -Wall -fstack-usage -MMD -MP -MF"Src/usb_device.d" -MT"Src/usb_device.o" --specs=nano.specs -mfpu=fpv4-sp-d16 -mfloat-abi=hard -mthumb -o "Src/usb_device.o"
arm-none-eabi-gcc "../Src/usbd_audio_if.c" -mcpu=cortex-m4 -std=gnu11 -g3 -DUSE_HAL_DRIVER -DSTM32F412Zx -DDEBUG -c -I../Inc -I../Drivers/CMSIS/Include -I../Drivers/STM32F4xx_HAL_Driver/Inc -I../Drivers/CMSIS/Device/ST/STM32F4xx/Include -I../Middlewares/ST/STM32_USB_Device_Library/Core/Inc -I../Drivers/STM32F4xx_HAL_Driver/Inc/Legacy -I../Middlewares/ST/STM32_USB_Device_Library/Class/AUDIO/Inc -O0 -ffunction-sections -fdata-sections -Wall -fstack-usage -MMD -MP -MF"Src/usbd_audio_if.d" -MT"Src/usbd_audio_if.o" --specs=nano.specs -mfpu=fpv4-sp-d16 -mfloat-abi=hard -mthumb -o "Src/usbd_audio_if.o"
arm-none-eabi-gcc "../Middlewares/ST/STM32_USB_Device_Library/Class/AUDIO/Src/usbd_audio.c" -mcpu=cortex-m4 -std=gnu11 -g3 -DUSE_HAL_DRIVER -DSTM32F412Zx -DDEBUG -c -I../Inc -I../Drivers/CMSIS/Include -I../Drivers/STM32F4xx_HAL_Driver/Inc -I../Drivers/CMSIS/Device/ST/STM32F4xx/Include -I../Middlewares/ST/STM32_USB_Device_Library/Core/Inc -I../Drivers/STM32F4xx_HAL_Driver/Inc/Legacy -I../Middlewares/ST/STM32_USB_Device_Library/Class/AUDIO/Inc -O0 -ffunction-sections -fdata-sections -Wall -fstack-usage -MMD -MP -MF"Middlewares/ST/STM32_USB_Device_Library/Class/AUDIO/Src/usbd_audio.d" -MT"Middlewares/ST/STM32_USB_Device_Library/Class/AUDIO/Src/usbd_audio.o" --specs=nano.specs -mfpu=fpv4-sp-d16 -mfloat-abi=hard -mthumb -o "Middlewares/ST/STM32_USB_Device_Library/Class/AUDIO/Src/usbd_audio.o"
arm-none-eabi-gcc -o "STM32F4_USB.elf" @"objects.list"   -mcpu=cortex-m4 -T"F:\Documents\GitHub\FPG USB to I2S Converter\dev\STM32F4_USB\STM32F412ZGTX_FLASH.ld" --specs=nosys.specs -Wl,-Map="STM32F4_USB.map" -Wl,--gc-sections -static --specs=nano.specs -mfpu=fpv4-sp-d16 -mfloat-abi=hard -mthumb -Wl,--start-group -lc -lm -Wl,--end-group
Finished building target: STM32F4_USB.elf
 
arm-none-eabi-objdump -h -S  STM32F4_USB.elf  > "STM32F4_USB.list"
arm-none-eabi-objcopy  -O binary  STM32F4_USB.elf  "STM32F4_USB.bin"
arm-none-eabi-size   STM32F4_USB.elf 
   text	   data	    bss	    dec	    hex	filename
  38980	    424	   4336	  43740	   aadc	STM32F4_USB.elf
Finished building: default.size.stdout
 
Finished building: STM32F4_USB.bin
 
Finished building: STM32F4_USB.list
 
01:38:54 **** Incremental Build of configuration Debug for project STM32F4_USB ****
make -j4 all 
arm-none-eabi-gcc "../Src/usb_device.c" -mcpu=cortex-m4 -std=gnu11 -g3 -DUSE_HAL_DRIVER -DSTM32F412Zx -DDEBUG -c -I../Inc -I../Drivers/CMSIS/Include -I../Drivers/STM32F4xx_HAL_Driver/Inc -I../Drivers/CMSIS/Device/ST/STM32F4xx/Include -I../Middlewares/ST/STM32_USB_Device_Library/Core/Inc -I../Drivers/STM32F4xx_HAL_Driver/Inc/Legacy -I../Middlewares/ST/STM32_USB_Device_Library/Class/AUDIO/Inc -O0 -ffunction-sections -fdata-sections -Wall -fstack-usage -MMD -MP -MF"Src/usb_device.d" -MT"Src/usb_device.o" --specs=nano.specs -mfpu=fpv4-sp-d16 -mfloat-abi=hard -mthumb -o "Src/usb_device.o"
arm-none-eabi-gcc "../Src/usbd_audio_if.c" -mcpu=cortex-m4 -std=gnu11 -g3 -DUSE_HAL_DRIVER -DSTM32F412Zx -DDEBUG -c -I../Inc -I../Drivers/CMSIS/Include -I../Drivers/STM32F4xx_HAL_Driver/Inc -I../Drivers/CMSIS/Device/ST/STM32F4xx/Include -I../Middlewares/ST/STM32_USB_Device_Library/Core/Inc -I../Drivers/STM32F4xx_HAL_Driver/Inc/Legacy -I../Middlewares/ST/STM32_USB_Device_Library/Class/AUDIO/Inc -O0 -ffunction-sections -fdata-sections -Wall -fstack-usage -MMD -MP -MF"Src/usbd_audio_if.d" -MT"Src/usbd_audio_if.o" --specs=nano.specs -mfpu=fpv4-sp-d16 -mfloat-abi=hard -mthumb -o "Src/usbd_audio_if.o"
arm-none-eabi-gcc "../Middlewares/ST/STM32_USB_Device_Library/Class/AUDIO/Src/usbd_audio.c" -mcpu=cortex-m4 -std=gnu11 -g3 -DUSE_HAL_DRIVER -DSTM32F412Zx -DDEBUG -c -I../Inc -I../Drivers/CMSIS/Include -I../Drivers/STM32F4xx_HAL_Driver/Inc -I../Drivers/CMSIS/Device/ST/STM32F4xx/Include -I../Middlewares/ST/STM32_USB_Device_Library/Core/Inc -I../Drivers/STM32F4xx_HAL_Driver/Inc/Legacy -I../Middlewares/ST/STM32_USB_Device_Library/Class/AUDIO/Inc -O0 -ffunction-sections -fdata-sections -Wall -fstack-usage -MMD -MP -MF"Middlewares/ST/STM32_USB_Device_Library/Class/AUDIO/Src/usbd_audio.d" -MT"Middlewares/ST/STM32_USB_Device_Library/Class/AUDIO/Src/usbd_audio.o" --specs=nano.specs -mfpu=fpv4-sp-d16 -mfloat-abi=hard -mthumb -o "Middlewares/ST/STM32_USB_Device_Library/Class/AUDIO/Src/usbd_audio.o"
arm-none-eabi-gcc -o "STM32F4_USB.elf" @"objects.list"   -mcpu=cortex-m4 -T"F:\Documents\GitHub\FPG USB to I2S Converter\dev\STM32F4_USB\STM32F412ZGTX_FLASH.ld" --specs=nosys.specs -Wl,-Map="STM32F4_USB.map" -Wl,--gc-sections -static --specs=nano.specs -mfpu=fpv4-sp-d16 -mfloat-abi=hard -mthumb -Wl,--start-group -lc -lm -Wl,--end-group
Finished building target: STM32F4_USB.elf
 
arm-none-eabi-objdump -h -S  STM32F4_USB.elf  > "STM32F4_USB.list"
arm-none-eabi-objcopy  -O binary  STM32F4_USB.elf  "STM32F4_USB.bin"
arm-none-eabi-size   STM32F4_USB.elf 
   text	   data	    bss	    dec	    hex	filename
  38980	    428	   4332	  43740	   aadc	STM32F4_USB.elf
Finished building: default.size.stdout
 
Finished building: STM32F4_USB.bin
 
Finished building: STM32F4_USB.list
 
01:46:01 **** Incremental Build of configuration Debug for project STM32F4_USB ****
make -j4 all 
[...]
arm-none-eabi-gcc -o "STM32F4_USB.elf" @"objects.list"   -mcpu=cortex-m4 -T"F:\Documents\GitHub\FPG USB to I2S Converter\dev\STM32F4_USB\STM32F412ZGTX_FLASH.ld" --specs=nosys.specs -Wl,-Map="STM32F4_USB.map" -Wl,--gc-sections -static --specs=nano.specs -mfpu=fpv4-sp-d16 -mfloat-abi=hard -mthumb -Wl,--start-group -lc -lm -Wl,--end-group
Finished building target: STM32F4_USB.elf
 
arm-none-eabi-objdump -h -S  STM32F4_USB.elf  > "STM32F4_USB.list"
arm-none-eabi-objcopy  -O binary  STM32F4_USB.elf  "STM32F4_USB.bin"
arm-none-eabi-size   STM32F4_USB.elf 
   text	   data	    bss	    dec	    hex	filename
  38980	    424	   4336	  43740	   aadc	STM32F4_USB.elf
Finished building: default.size.stdout
 
Finished building: STM32F4_USB.bin
 
Finished building: STM32F4_USB.list
 
02:03:49 **** Incremental Build of configuration Debug for project STM32F4_USB ****
make -j4 all 
arm-none-eabi-gcc "../Src/usb_device.c" -mcpu=cortex-m4 -std=gnu11 -g3 -DUSE_HAL_DRIVER -DSTM32F412Zx -DDEBUG -c -I../Inc -I../Drivers/CMSIS/Include -I../Drivers/STM32F4xx_HAL_Driver/Inc -I../Drivers/CMSIS/Device/ST/STM32F4xx/Include -I../Middlewares/ST/STM32_USB_Device_Library/Core/Inc -I../Drivers/STM32F4xx_HAL_Driver/Inc/Legacy -I../Middlewares/ST/STM32_USB_Device_Library/Class/AUDIO/Inc -O0 -ffunction-sections -fdata-sections -Wall -fstack-usage -MMD -MP -MF"Src/usb_device.d" -MT"Src/usb_device.o" --specs=nano.specs -mfpu=fpv4-sp-d16 -mfloat-abi=hard -mthumb -o "Src/usb_device.o"
arm-none-eabi-gcc "../Src/usbd_audio_if.c" -mcpu=cortex-m4 -std=gnu11 -g3 -DUSE_HAL_DRIVER -DSTM32F412Zx -DDEBUG -c -I../Inc -I../Drivers/CMSIS/Include -I../Drivers/STM32F4xx_HAL_Driver/Inc -I../Drivers/CMSIS/Device/ST/STM32F4xx/Include -I../Middlewares/ST/STM32_USB_Device_Library/Core/Inc -I../Drivers/STM32F4xx_HAL_Driver/Inc/Legacy -I../Middlewares/ST/STM32_USB_Device_Library/Class/AUDIO/Inc -O0 -ffunction-sections -fdata-sections -Wall -fstack-usage -MMD -MP -MF"Src/usbd_audio_if.d" -MT"Src/usbd_audio_if.o" --specs=nano.specs -mfpu=fpv4-sp-d16 -mfloat-abi=hard -mthumb -o "Src/usbd_audio_if.o"
arm-none-eabi-gcc "../Middlewares/ST/STM32_USB_Device_Library/Class/AUDIO/Src/usbd_audio.c" -mcpu=cortex-m4 -std=gnu11 -g3 -DUSE_HAL_DRIVER -DSTM32F412Zx -DDEBUG -c -I../Inc -I../Drivers/CMSIS/Include -I../Drivers/STM32F4xx_HAL_Driver/Inc -I../Drivers/CMSIS/Device/ST/STM32F4xx/Include -I../Middlewares/ST/STM32_USB_Device_Library/Core/Inc -I../Drivers/STM32F4xx_HAL_Driver/Inc/Legacy -I../Middlewares/ST/STM32_USB_Device_Library/Class/AUDIO/Inc -O0 -ffunction-sections -fdata-sections -Wall -fstack-usage -MMD -MP -MF"Middlewares/ST/STM32_USB_Device_Library/Class/AUDIO/Src/usbd_audio.d" -MT"Middlewares/ST/STM32_USB_Device_Library/Class/AUDIO/Src/usbd_audio.o" --specs=nano.specs -mfpu=fpv4-sp-d16 -mfloat-abi=hard -mthumb -o "Middlewares/ST/STM32_USB_Device_Library/Class/AUDIO/Src/usbd_audio.o"
arm-none-eabi-gcc -o "STM32F4_USB.elf" @"objects.list"   -mcpu=cortex-m4 -T"F:\Documents\GitHub\FPG USB to I2S Converter\dev\STM32F4_USB\STM32F412ZGTX_FLASH.ld" --specs=nosys.specs -Wl,-Map="STM32F4_USB.map" -Wl,--gc-sections -static --specs=nano.specs -mfpu=fpv4-sp-d16 -mfloat-abi=hard -mthumb -Wl,--start-group -lc -lm -Wl,--end-group
Finished building target: STM32F4_USB.elf
 
arm-none-eabi-objdump -h -S  STM32F4_USB.elf  > "STM32F4_USB.list"
arm-none-eabi-objcopy  -O binary  STM32F4_USB.elf  "STM32F4_USB.bin"
arm-none-eabi-size   STM32F4_USB.elf 
   text	   data	    bss	    dec	    hex	filename
  38980	    440	   4336	  43756	   aaec	STM32F4_USB.elf
Finished building: default.size.stdout
 
Finished building: STM32F4_USB.bin
 
Finished building: STM32F4_USB.list
 
02:05:04 **** Incremental Build of configuration Debug for project STM32F4_USB ****
make -j4 all 
arm-none-eabi-gcc "../Src/usb_device.c" -mcpu=cortex-m4 -std=gnu11 -g3 -DUSE_HAL_DRIVER -DSTM32F412Zx -DDEBUG -c -I../Inc -I../Drivers/CMSIS/Include -I../Drivers/STM32F4xx_HAL_Driver/Inc -I../Drivers/CMSIS/Device/ST/STM32F4xx/Include -I../Middlewares/ST/STM32_USB_Device_Library/Core/Inc -I../Drivers/STM32F4xx_HAL_Driver/Inc/Legacy -I../Middlewares/ST/STM32_USB_Device_Library/Class/AUDIO/Inc -O0 -ffunction-sections -fdata-sections -Wall -fstack-usage -MMD -MP -MF"Src/usb_device.d" -MT"Src/usb_device.o" --specs=nano.specs -mfpu=fpv4-sp-d16 -mfloat-abi=hard -mthumb -o "Src/usb_device.o"
arm-none-eabi-gcc "../Src/usbd_audio_if.c" -mcpu=cortex-m4 -std=gnu11 -g3 -DUSE_HAL_DRIVER -DSTM32F412Zx -DDEBUG -c -I../Inc -I../Drivers/CMSIS/Include -I../Drivers/STM32F4xx_HAL_Driver/Inc -I../Drivers/CMSIS/Device/ST/STM32F4xx/Include -I../Middlewares/ST/STM32_USB_Device_Library/Core/Inc -I../Drivers/STM32F4xx_HAL_Driver/Inc/Legacy -I../Middlewares/ST/STM32_USB_Device_Library/Class/AUDIO/Inc -O0 -ffunction-sections -fdata-sections -Wall -fstack-usage -MMD -MP -MF"Src/usbd_audio_if.d" -MT"Src/usbd_audio_if.o" --specs=nano.specs -mfpu=fpv4-sp-d16 -mfloat-abi=hard -mthumb -o "Src/usbd_audio_if.o"
arm-none-eabi-gcc "../Middlewares/ST/STM32_USB_Device_Library/Class/AUDIO/Src/usbd_audio.c" -mcpu=cortex-m4 -std=gnu11 -g3 -DUSE_HAL_DRIVER -DSTM32F412Zx -DDEBUG -c -I../Inc -I../Drivers/CMSIS/Include -I../Drivers/STM32F4xx_HAL_Driver/Inc -I../Drivers/CMSIS/Device/ST/STM32F4xx/Include -I../Middlewares/ST/STM32_USB_Device_Library/Core/Inc -I../Drivers/STM32F4xx_HAL_Driver/Inc/Legacy -I../Middlewares/ST/STM32_USB_Device_Library/Class/AUDIO/Inc -O0 -ffunction-sections -fdata-sections -Wall -fstack-usage -MMD -MP -MF"Middlewares/ST/STM32_USB_Device_Library/Class/AUDIO/Src/usbd_audio.d" -MT"Middlewares/ST/STM32_USB_Device_Library/Class/AUDIO/Src/usbd_audio.o" --specs=nano.specs -mfpu=fpv4-sp-d16 -mfloat-abi=hard -mthumb -o "Middlewares/ST/STM32_USB_Device_Library/Class/AUDIO/Src/usbd_audio.o"
arm-none-eabi-gcc -o "STM32F4_USB.elf" @"objects.list"   -mcpu=cortex-m4 -T"F:\Documents\GitHub\FPG USB to I2S Converter\dev\STM32F4_USB\STM32F412ZGTX_FLASH.ld" --specs=nosys.specs -Wl,-Map="STM32F4_USB.map" -Wl,--gc-sections -static --specs=nano.specs -mfpu=fpv4-sp-d16 -mfloat-abi=hard -mthumb -Wl,--start-group -lc -lm -Wl,--end-group
Finished building target: STM32F4_USB.elf
 
arm-none-eabi-objdump -h -S  STM32F4_USB.elf  > "STM32F4_USB.list"
arm-none-eabi-objcopy  -O binary  STM32F4_USB.elf  "STM32F4_USB.bin"
arm-none-eabi-size   STM32F4_USB.elf 
   text	   data	    bss	    dec	    hex	filename
  38980	    424	   4336	  43740	   aadc	STM32F4_USB.elf
Finished building: default.size.stdout
Finished building: STM32F4_USB.bin
 
 
Finished building: STM32F4_USB.list
 
02:12:36 **** Incremental Build of configuration Debug for project STM32F4_USB ****
make -j4 all 
arm-none-eabi-gcc "../Src/usb_device.c" -mcpu=cortex-m4 -std=gnu11 -g3 -DUSE_HAL_DRIVER -DSTM32F412Zx -DDEBUG -c -I../Inc -I../Drivers/CMSIS/Include -I../Drivers/STM32F4xx_HAL_Driver/Inc -I../Drivers/CMSIS/Device/ST/STM32F4xx/Include -I../Middlewares/ST/STM32_USB_Device_Library/Core/Inc -I../Drivers/STM32F4xx_HAL_Driver/Inc/Legacy -I../Middlewares/ST/STM32_USB_Device_Library/Class/AUDIO/Inc -O0 -ffunction-sections -fdata-sections -Wall -fstack-usage -MMD -MP -MF"Src/usb_device.d" -MT"Src/usb_device.o" --specs=nano.specs -mfpu=fpv4-sp-d16 -mfloat-abi=hard -mthumb -o "Src/usb_device.o"
arm-none-eabi-gcc "../Src/usbd_audio_if.c" -mcpu=cortex-m4 -std=gnu11 -g3 -DUSE_HAL_DRIVER -DSTM32F412Zx -DDEBUG -c -I../Inc -I../Drivers/CMSIS/Include -I../Drivers/STM32F4xx_HAL_Driver/Inc -I../Drivers/CMSIS/Device/ST/STM32F4xx/Include -I../Middlewares/ST/STM32_USB_Device_Library/Core/Inc -I../Drivers/STM32F4xx_HAL_Driver/Inc/Legacy -I../Middlewares/ST/STM32_USB_Device_Library/Class/AUDIO/Inc -O0 -ffunction-sections -fdata-sections -Wall -fstack-usage -MMD -MP -MF"Src/usbd_audio_if.d" -MT"Src/usbd_audio_if.o" --specs=nano.specs -mfpu=fpv4-sp-d16 -mfloat-abi=hard -mthumb -o "Src/usbd_audio_if.o"
arm-none-eabi-gcc "../Middlewares/ST/STM32_USB_Device_Library/Class/AUDIO/Src/usbd_audio.c" -mcpu=cortex-m4 -std=gnu11 -g3 -DUSE_HAL_DRIVER -DSTM32F412Zx -DDEBUG -c -I../Inc -I../Drivers/CMSIS/Include -I../Drivers/STM32F4xx_HAL_Driver/Inc -I../Drivers/CMSIS/Device/ST/STM32F4xx/Include -I../Middlewares/ST/STM32_USB_Device_Library/Core/Inc -I../Drivers/STM32F4xx_HAL_Driver/Inc/Legacy -I../Middlewares/ST/STM32_USB_Device_Library/Class/AUDIO/Inc -O0 -ffunction-sections -fdata-sections -Wall -fstack-usage -MMD -MP -MF"Middlewares/ST/STM32_USB_Device_Library/Class/AUDIO/Src/usbd_audio.d" -MT"Middlewares/ST/STM32_USB_Device_Library/Class/AUDIO/Src/usbd_audio.o" --specs=nano.specs -mfpu=fpv4-sp-d16 -mfloat-abi=hard -mthumb -o "Middlewares/ST/STM32_USB_Device_Library/Class/AUDIO/Src/usbd_audio.o"
arm-none-eabi-gcc -o "STM32F4_USB.elf" @"objects.list"   -mcpu=cortex-m4 -T"F:\Documents\GitHub\FPG USB to I2S Converter\dev\STM32F4_USB\STM32F412ZGTX_FLASH.ld" --specs=nosys.specs -Wl,-Map="STM32F4_USB.map" -Wl,--gc-sections -static --specs=nano.specs -mfpu=fpv4-sp-d16 -mfloat-abi=hard -mthumb -Wl,--start-group -lc -lm -Wl,--end-group
Finished building target: STM32F4_USB.elf
 
arm-none-eabi-objdump -h -S  STM32F4_USB.elf  > "STM32F4_USB.list"
arm-none-eabi-objcopy  -O binary  STM32F4_USB.elf  "STM32F4_USB.bin"
arm-none-eabi-size   STM32F4_USB.elf 
   text	   data	    bss	    dec	    hex	filename
  38980	    428	   4332	  43740	   aadc	STM32F4_USB.elf
Finished building: default.size.stdout
 
Finished building: STM32F4_USB.bin
 
Finished building: STM32F4_USB.list
 
02:13:56 **** Incremental Build of configuration Debug for project STM32F4_USB ****
make -j4 all 
arm-none-eabi-gcc "../Middlewares/ST/STM32_USB_Device_Library/Class/AUDIO/Src/usbd_audio.c" -mcpu=cortex-m4 -std=gnu11 -g3 -DUSE_HAL_DRIVER -DSTM32F412Zx -DDEBUG -c -I../Inc -I../Drivers/CMSIS/Include -I../Drivers/STM32F4xx_HAL_Driver/Inc -I../Drivers/CMSIS/Device/ST/STM32F4xx/Include -I../Middlewares/ST/STM32_USB_Device_Library/Core/Inc -I../Drivers/STM32F4xx_HAL_Driver/Inc/Legacy -I../Middlewares/ST/STM32_USB_Device_Library/Class/AUDIO/Inc -O0 -ffunction-sections -fdata-sections -Wall -fstack-usage -MMD -MP -MF"Middlewares/ST/STM32_USB_Device_Library/Class/AUDIO/Src/usbd_audio.d" -MT"Middlewares/ST/STM32_USB_Device_Library/Class/AUDIO/Src/usbd_audio.o" --specs=nano.specs -mfpu=fpv4-sp-d16 -mfloat-abi=hard -mthumb -o "Middlewares/ST/STM32_USB_Device_Library/Class/AUDIO/Src/usbd_audio.o"
arm-none-eabi-gcc -o "STM32F4_USB.elf" @"objects.list"   -mcpu=cortex-m4 -T"F:\Documents\GitHub\FPG USB to I2S Converter\dev\STM32F4_USB\STM32F412ZGTX_FLASH.ld" --specs=nosys.specs -Wl,-Map="STM32F4_USB.map" -Wl,--gc-sections -static --specs=nano.specs -mfpu=fpv4-sp-d16 -mfloat-abi=hard -mthumb -Wl,--start-group -lc -lm -Wl,--end-group
Finished building target: STM32F4_USB.elf
 
arm-none-eabi-objdump -h -S  STM32F4_USB.elf  > "STM32F4_USB.list"
arm-none-eabi-objcopy  -O binary  STM32F4_USB.elf  "STM32F4_USB.bin"
arm-none-eabi-size   STM32F4_USB.elf 
   text	   data	    bss	    dec	    hex	filename
  38980	    428	   4332	  43740	   aadc	STM32F4_USB.elf
Finished building: default.size.stdout
 
Finished building: STM32F4_USB.bin
 
Finished building: STM32F4_USB.list
 
02:16:55 **** Incremental Build of configuration Debug for project STM32F4_USB ****
make -j4 all 
arm-none-eabi-gcc "../Middlewares/ST/STM32_USB_Device_Library/Class/AUDIO/Src/usbd_audio.c" -mcpu=cortex-m4 -std=gnu11 -g3 -DUSE_HAL_DRIVER -DSTM32F412Zx -DDEBUG -c -I../Inc -I../Drivers/CMSIS/Include -I../Drivers/STM32F4xx_HAL_Driver/Inc -I../Drivers/CMSIS/Device/ST/STM32F4xx/Include -I../Middlewares/ST/STM32_USB_Device_Library/Core/Inc -I../Drivers/STM32F4xx_HAL_Driver/Inc/Legacy -I../Middlewares/ST/STM32_USB_Device_Library/Class/AUDIO/Inc -O0 -ffunction-sections -fdata-sections -Wall -fstack-usage -MMD -MP -MF"Middlewares/ST/STM32_USB_Device_Library/Class/AUDIO/Src/usbd_audio.d" -MT"Middlewares/ST/STM32_USB_Device_Library/Class/AUDIO/Src/usbd_audio.o" --specs=nano.specs -mfpu=fpv4-sp-d16 -mfloat-abi=hard -mthumb -o "Middlewares/ST/STM32_USB_Device_Library/Class/AUDIO/Src/usbd_audio.o"
arm-none-eabi-gcc -o "STM32F4_USB.elf" @"objects.list"   -mcpu=cortex-m4 -T"F:\Documents\GitHub\FPG USB to I2S Converter\dev\STM32F4_USB\STM32F412ZGTX_FLASH.ld" --specs=nosys.specs -Wl,-Map="STM32F4_USB.map" -Wl,--gc-sections -static --specs=nano.specs -mfpu=fpv4-sp-d16 -mfloat-abi=hard -mthumb -Wl,--start-group -lc -lm -Wl,--end-group
Finished building target: STM32F4_USB.elf
 
arm-none-eabi-objdump -h -S  STM32F4_USB.elf  > "STM32F4_USB.list"
arm-none-eabi-objcopy  -O binary  STM32F4_USB.elf  "STM32F4_USB.bin"
arm-none-eabi-size   STM32F4_USB.elf 
   text	   data	    bss	    dec	    hex	filename
  38980	    428	   4332	  43740	   aadc	STM32F4_USB.elf
Finished building: default.size.stdout
 
Finished building: STM32F4_USB.bin
 
Finished building: STM32F4_USB.list
 
02:18:28 **** Incremental Build of configuration Debug for project STM32F4_USB ****
make -j4 all 
arm-none-eabi-gcc "../Middlewares/ST/STM32_USB_Device_Library/Class/AUDIO/Src/usbd_audio.c" -mcpu=cortex-m4 -std=gnu11 -g3 -DUSE_HAL_DRIVER -DSTM32F412Zx -DDEBUG -c -I../Inc -I../Drivers/CMSIS/Include -I../Drivers/STM32F4xx_HAL_Driver/Inc -I../Drivers/CMSIS/Device/ST/STM32F4xx/Include -I../Middlewares/ST/STM32_USB_Device_Library/Core/Inc -I../Drivers/STM32F4xx_HAL_Driver/Inc/Legacy -I../Middlewares/ST/STM32_USB_Device_Library/Class/AUDIO/Inc -O0 -ffunction-sections -fdata-sections -Wall -fstack-usage -MMD -MP -MF"Middlewares/ST/STM32_USB_Device_Library/Class/AUDIO/Src/usbd_audio.d" -MT"Middlewares/ST/STM32_USB_Device_Library/Class/AUDIO/Src/usbd_audio.o" --specs=nano.specs -mfpu=fpv4-sp-d16 -mfloat-abi=hard -mthumb -o "Middlewares/ST/STM32_USB_Device_Library/Class/AUDIO/Src/usbd_audio.o"
arm-none-eabi-gcc -o "STM32F4_USB.elf" @"objects.list"   -mcpu=cortex-m4 -T"F:\Documents\GitHub\FPG USB to I2S Converter\dev\STM32F4_USB\STM32F412ZGTX_FLASH.ld" --specs=nosys.specs -Wl,-Map="STM32F4_USB.map" -Wl,--gc-sections -static --specs=nano.specs -mfpu=fpv4-sp-d16 -mfloat-abi=hard -mthumb -Wl,--start-group -lc -lm -Wl,--end-group
Finished building target: STM32F4_USB.elf
 
arm-none-eabi-objdump -h -S  STM32F4_USB.elf  > "STM32F4_USB.list"
arm-none-eabi-objcopy  -O binary  STM32F4_USB.elf  "STM32F4_USB.bin"
arm-none-eabi-size   STM32F4_USB.elf 
   text	   data	    bss	    dec	    hex	filename
  38980	    428	   4332	  43740	   aadc	STM32F4_USB.elf
Finished building: default.size.stdout
 
Finished building: STM32F4_USB.bin
 
Finished building: STM32F4_USB.list
 
02:19:04 **** Incremental Build of configuration Debug for project STM32F4_USB ****
make -j4 all 
arm-none-eabi-gcc "../Middlewares/ST/STM32_USB_Device_Library/Class/AUDIO/Src/usbd_audio.c" -mcpu=cortex-m4 -std=gnu11 -g3 -DUSE_HAL_DRIVER -DSTM32F412Zx -DDEBUG -c -I../Inc -I../Drivers/CMSIS/Include -I../Drivers/STM32F4xx_HAL_Driver/Inc -I../Drivers/CMSIS/Device/ST/STM32F4xx/Include -I../Middlewares/ST/STM32_USB_Device_Library/Core/Inc -I../Drivers/STM32F4xx_HAL_Driver/Inc/Legacy -I../Middlewares/ST/STM32_USB_Device_Library/Class/AUDIO/Inc -O0 -ffunction-sections -fdata-sections -Wall -fstack-usage -MMD -MP -MF"Middlewares/ST/STM32_USB_Device_Library/Class/AUDIO/Src/usbd_audio.d" -MT"Middlewares/ST/STM32_USB_Device_Library/Class/AUDIO/Src/usbd_audio.o" --specs=nano.specs -mfpu=fpv4-sp-d16 -mfloat-abi=hard -mthumb -o "Middlewares/ST/STM32_USB_Device_Library/Class/AUDIO/Src/usbd_audio.o"
arm-none-eabi-gcc -o "STM32F4_USB.elf" @"objects.list"   -mcpu=cortex-m4 -T"F:\Documents\GitHub\FPG USB to I2S Converter\dev\STM32F4_USB\STM32F412ZGTX_FLASH.ld" --specs=nosys.specs -Wl,-Map="STM32F4_USB.map" -Wl,--gc-sections -static --specs=nano.specs -mfpu=fpv4-sp-d16 -mfloat-abi=hard -mthumb -Wl,--start-group -lc -lm -Wl,--end-group
Finished building target: STM32F4_USB.elf
 
arm-none-eabi-objdump -h -S  STM32F4_USB.elf  > "STM32F4_USB.list"
arm-none-eabi-objcopy  -O binary  STM32F4_USB.elf  "STM32F4_USB.bin"
arm-none-eabi-size   STM32F4_USB.elf 
   text	   data	    bss	    dec	    hex	filename
  38980	    428	   4332	  43740	   aadc	STM32F4_USB.elf
Finished building: default.size.stdout
Finished building: STM32F4_USB.bin
 
 
Finished building: STM32F4_USB.list
 
02:20:24 **** Incremental Build of configuration Debug for project STM32F4_USB ****
make -j4 all 
arm-none-eabi-gcc "../Middlewares/ST/STM32_USB_Device_Library/Class/AUDIO/Src/usbd_audio.c" -mcpu=cortex-m4 -std=gnu11 -g3 -DUSE_HAL_DRIVER -DSTM32F412Zx -DDEBUG -c -I../Inc -I../Drivers/CMSIS/Include -I../Drivers/STM32F4xx_HAL_Driver/Inc -I../Drivers/CMSIS/Device/ST/STM32F4xx/Include -I../Middlewares/ST/STM32_USB_Device_Library/Core/Inc -I../Drivers/STM32F4xx_HAL_Driver/Inc/Legacy -I../Middlewares/ST/STM32_USB_Device_Library/Class/AUDIO/Inc -O0 -ffunction-sections -fdata-sections -Wall -fstack-usage -MMD -MP -MF"Middlewares/ST/STM32_USB_Device_Library/Class/AUDIO/Src/usbd_audio.d" -MT"Middlewares/ST/STM32_USB_Device_Library/Class/AUDIO/Src/usbd_audio.o" --specs=nano.specs -mfpu=fpv4-sp-d16 -mfloat-abi=hard -mthumb -o "Middlewares/ST/STM32_USB_Device_Library/Class/AUDIO/Src/usbd_audio.o"
arm-none-eabi-gcc -o "STM32F4_USB.elf" @"objects.list"   -mcpu=cortex-m4 -T"F:\Documents\GitHub\FPG USB to I2S Converter\dev\STM32F4_USB\STM32F412ZGTX_FLASH.ld" --specs=nosys.specs -Wl,-Map="STM32F4_USB.map" -Wl,--gc-sections -static --specs=nano.specs -mfpu=fpv4-sp-d16 -mfloat-abi=hard -mthumb -Wl,--start-group -lc -lm -Wl,--end-group
Finished building target: STM32F4_USB.elf
 
arm-none-eabi-objdump -h -S  STM32F4_USB.elf  > "STM32F4_USB.list"
arm-none-eabi-objcopy  -O binary  STM32F4_USB.elf  "STM32F4_USB.bin"
arm-none-eabi-size   STM32F4_USB.elf 
   text	   data	    bss	    dec	    hex	filename
  38980	    428	   4332	  43740	   aadc	STM32F4_USB.elf
Finished building: default.size.stdout
Finished building: STM32F4_USB.bin
 
 
Finished building: STM32F4_USB.list
 
02:21:19 **** Incremental Build of configuration Debug for project STM32F4_USB ****
make -j4 all 
arm-none-eabi-gcc "../Middlewares/ST/STM32_USB_Device_Library/Class/AUDIO/Src/usbd_audio.c" -mcpu=cortex-m4 -std=gnu11 -g3 -DUSE_HAL_DRIVER -DSTM32F412Zx -DDEBUG -c -I../Inc -I../Drivers/CMSIS/Include -I../Drivers/STM32F4xx_HAL_Driver/Inc -I../Drivers/CMSIS/Device/ST/STM32F4xx/Include -I../Middlewares/ST/STM32_USB_Device_Library/Core/Inc -I../Drivers/STM32F4xx_HAL_Driver/Inc/Legacy -I../Middlewares/ST/STM32_USB_Device_Library/Class/AUDIO/Inc -O0 -ffunction-sections -fdata-sections -Wall -fstack-usage -MMD -MP -MF"Middlewares/ST/STM32_USB_Device_Library/Class/AUDIO/Src/usbd_audio.d" -MT"Middlewares/ST/STM32_USB_Device_Library/Class/AUDIO/Src/usbd_audio.o" --specs=nano.specs -mfpu=fpv4-sp-d16 -mfloat-abi=hard -mthumb -o "Middlewares/ST/STM32_USB_Device_Library/Class/AUDIO/Src/usbd_audio.o"
arm-none-eabi-gcc -o "STM32F4_USB.elf" @"objects.list"   -mcpu=cortex-m4 -T"F:\Documents\GitHub\FPG USB to I2S Converter\dev\STM32F4_USB\STM32F412ZGTX_FLASH.ld" --specs=nosys.specs -Wl,-Map="STM32F4_USB.map" -Wl,--gc-sections -static --specs=nano.specs -mfpu=fpv4-sp-d16 -mfloat-abi=hard -mthumb -Wl,--start-group -lc -lm -Wl,--end-group
Finished building target: STM32F4_USB.elf
 
arm-none-eabi-objdump -h -S  STM32F4_USB.elf  > "STM32F4_USB.list"
arm-none-eabi-objcopy  -O binary  STM32F4_USB.elf  "STM32F4_USB.bin"
arm-none-eabi-size   STM32F4_USB.elf 
   text	   data	    bss	    dec	    hex	filename
  38980	    428	   4332	  43740	   aadc	STM32F4_USB.elf
Finished building: default.size.stdout
Finished building: STM32F4_USB.bin
 
 
Finished building: STM32F4_USB.list
 
