usbh_audio.c:201:27:USBH_AUDIO_InterfaceInit	56	static
usbh_audio.c:349:27:USBH_AUDIO_InterfaceDeInit	24	static
usbh_audio.c:389:27:USBH_AUDIO_ClassRequest	32	static
usbh_audio.c:547:27:USBH_AUDIO_CSRequest	40	static
usbh_audio.c:640:27:USBH_AUDIO_HandleCSRequest	24	static
usbh_audio.c:685:27:USBH_AUDIO_Process	24	static
usbh_audio.c:709:27:USBH_AUDIO_SOFProcess	16	static
usbh_audio.c:718:27:USBH_AUDIO_FindAudioStreamingIN	24	static
usbh_audio.c:760:27:USBH_AUDIO_FindAudioStreamingOUT	24	static
usbh_audio.c:802:27:USBH_AUDIO_FindHIDControl	24	static
usbh_audio.c:843:27:USBH_AUDIO_ParseCSDescriptors	32	static
usbh_audio.c:896:27:ParseCSDescriptors	24	static
usbh_audio.c:960:17:USBH_AUDIO_FindLinkedUnit	24	static
usbh_audio.c:1021:27:USBH_AUDIO_BuildMicrophonePath	32	static
usbh_audio.c:1088:27:USBH_AUDIO_BuildHeadphonePath	32	static
usbh_audio.c:1174:27:USBH_AC_SetCur	32	static
usbh_audio.c:1238:27:USBH_AC_GetCur	32	static
usbh_audio.c:1311:27:USBH_AC_GetMax	32	static
usbh_audio.c:1384:27:USBH_AC_GetRes	32	static
usbh_audio.c:1457:27:USBH_AC_GetMin	32	static
usbh_audio.c:1527:27:USBH_AUDIO_SetEndpointControls	32	static
usbh_audio.c:1554:27:USBH_AUDIO_InputStream	24	static
usbh_audio.c:1566:27:USBH_AUDIO_Control	32	static
usbh_audio.c:1641:27:USBH_AUDIO_OutputStream	32	static
usbh_audio.c:1722:27:USBH_AUDIO_Transmit	24	static
usbh_audio.c:1807:20:USBH_AUDIO_SetFrequency	40	static
usbh_audio.c:1872:20:USBH_AUDIO_Play	32	static
usbh_audio.c:1908:20:USBH_AUDIO_Stop	24	static
usbh_audio.c:1921:20:USBH_AUDIO_Suspend	24	static
usbh_audio.c:1944:20:USBH_AUDIO_Resume	24	static
usbh_audio.c:1966:9:USBH_AUDIO_GetOutOffset	24	static
usbh_audio.c:1988:20:USBH_AUDIO_ChangeOutBuffer	24	static
usbh_audio.c:2019:27:USBH_AUDIO_SetControlAttribute	24	static
usbh_audio.c:2083:20:USBH_AUDIO_SetVolume	24	static
usbh_audio.c:2111:27:AUDIO_SetVolume	32	static
usbh_audio.c:2132:13:USBH_AUDIO_FrequencySet	16	static
usbh_audio.c:2142:14:USBH_AUDIO_BufferEmptyCallback	16	static
